Archive member included to satisfy reference by file (symbol)

c:/program files (x86)/gnu tools arm embedded/5.4 2016q2/bin/../lib/gcc/arm-none-eabi/5.4.1/../../../../arm-none-eabi/lib/armv7e-m/fpu\libm.a(lib_a-s_cos.o)
                              ..\obj\main.o (cos)
c:/program files (x86)/gnu tools arm embedded/5.4 2016q2/bin/../lib/gcc/arm-none-eabi/5.4.1/../../../../arm-none-eabi/lib/armv7e-m/fpu\libm.a(lib_a-s_sin.o)
                              ..\obj\main.o (sin)
c:/program files (x86)/gnu tools arm embedded/5.4 2016q2/bin/../lib/gcc/arm-none-eabi/5.4.1/../../../../arm-none-eabi/lib/armv7e-m/fpu\libm.a(lib_a-w_atan2.o)
                              ..\obj\main.o (atan2)
c:/program files (x86)/gnu tools arm embedded/5.4 2016q2/bin/../lib/gcc/arm-none-eabi/5.4.1/../../../../arm-none-eabi/lib/armv7e-m/fpu\libm.a(lib_a-e_atan2.o)
                              c:/program files (x86)/gnu tools arm embedded/5.4 2016q2/bin/../lib/gcc/arm-none-eabi/5.4.1/../../../../arm-none-eabi/lib/armv7e-m/fpu\libm.a(lib_a-w_atan2.o) (__ieee754_atan2)
c:/program files (x86)/gnu tools arm embedded/5.4 2016q2/bin/../lib/gcc/arm-none-eabi/5.4.1/../../../../arm-none-eabi/lib/armv7e-m/fpu\libm.a(lib_a-e_rem_pio2.o)
                              c:/program files (x86)/gnu tools arm embedded/5.4 2016q2/bin/../lib/gcc/arm-none-eabi/5.4.1/../../../../arm-none-eabi/lib/armv7e-m/fpu\libm.a(lib_a-s_cos.o) (__ieee754_rem_pio2)
c:/program files (x86)/gnu tools arm embedded/5.4 2016q2/bin/../lib/gcc/arm-none-eabi/5.4.1/../../../../arm-none-eabi/lib/armv7e-m/fpu\libm.a(lib_a-k_cos.o)
                              c:/program files (x86)/gnu tools arm embedded/5.4 2016q2/bin/../lib/gcc/arm-none-eabi/5.4.1/../../../../arm-none-eabi/lib/armv7e-m/fpu\libm.a(lib_a-s_cos.o) (__kernel_cos)
c:/program files (x86)/gnu tools arm embedded/5.4 2016q2/bin/../lib/gcc/arm-none-eabi/5.4.1/../../../../arm-none-eabi/lib/armv7e-m/fpu\libm.a(lib_a-k_rem_pio2.o)
                              c:/program files (x86)/gnu tools arm embedded/5.4 2016q2/bin/../lib/gcc/arm-none-eabi/5.4.1/../../../../arm-none-eabi/lib/armv7e-m/fpu\libm.a(lib_a-e_rem_pio2.o) (__kernel_rem_pio2)
c:/program files (x86)/gnu tools arm embedded/5.4 2016q2/bin/../lib/gcc/arm-none-eabi/5.4.1/../../../../arm-none-eabi/lib/armv7e-m/fpu\libm.a(lib_a-k_sin.o)
                              c:/program files (x86)/gnu tools arm embedded/5.4 2016q2/bin/../lib/gcc/arm-none-eabi/5.4.1/../../../../arm-none-eabi/lib/armv7e-m/fpu\libm.a(lib_a-s_cos.o) (__kernel_sin)
c:/program files (x86)/gnu tools arm embedded/5.4 2016q2/bin/../lib/gcc/arm-none-eabi/5.4.1/../../../../arm-none-eabi/lib/armv7e-m/fpu\libm.a(lib_a-s_atan.o)
                              c:/program files (x86)/gnu tools arm embedded/5.4 2016q2/bin/../lib/gcc/arm-none-eabi/5.4.1/../../../../arm-none-eabi/lib/armv7e-m/fpu\libm.a(lib_a-e_atan2.o) (atan)
c:/program files (x86)/gnu tools arm embedded/5.4 2016q2/bin/../lib/gcc/arm-none-eabi/5.4.1/../../../../arm-none-eabi/lib/armv7e-m/fpu\libm.a(lib_a-s_fabs.o)
                              c:/program files (x86)/gnu tools arm embedded/5.4 2016q2/bin/../lib/gcc/arm-none-eabi/5.4.1/../../../../arm-none-eabi/lib/armv7e-m/fpu\libm.a(lib_a-e_atan2.o) (fabs)
c:/program files (x86)/gnu tools arm embedded/5.4 2016q2/bin/../lib/gcc/arm-none-eabi/5.4.1/../../../../arm-none-eabi/lib/armv7e-m/fpu\libm.a(lib_a-s_floor.o)
                              c:/program files (x86)/gnu tools arm embedded/5.4 2016q2/bin/../lib/gcc/arm-none-eabi/5.4.1/../../../../arm-none-eabi/lib/armv7e-m/fpu\libm.a(lib_a-k_rem_pio2.o) (floor)
c:/program files (x86)/gnu tools arm embedded/5.4 2016q2/bin/../lib/gcc/arm-none-eabi/5.4.1/../../../../arm-none-eabi/lib/armv7e-m/fpu\libm.a(lib_a-s_scalbn.o)
                              c:/program files (x86)/gnu tools arm embedded/5.4 2016q2/bin/../lib/gcc/arm-none-eabi/5.4.1/../../../../arm-none-eabi/lib/armv7e-m/fpu\libm.a(lib_a-k_rem_pio2.o) (scalbn)
c:/program files (x86)/gnu tools arm embedded/5.4 2016q2/bin/../lib/gcc/arm-none-eabi/5.4.1/../../../../arm-none-eabi/lib/armv7e-m/fpu\libm.a(lib_a-s_copysign.o)
                              c:/program files (x86)/gnu tools arm embedded/5.4 2016q2/bin/../lib/gcc/arm-none-eabi/5.4.1/../../../../arm-none-eabi/lib/armv7e-m/fpu\libm.a(lib_a-s_scalbn.o) (copysign)
c:/program files (x86)/gnu tools arm embedded/5.4 2016q2/bin/../lib/gcc/arm-none-eabi/5.4.1/armv7e-m/fpu\libgcc.a(_arm_addsubdf3.o)
                              ..\obj\km.o (__aeabi_dsub)
c:/program files (x86)/gnu tools arm embedded/5.4 2016q2/bin/../lib/gcc/arm-none-eabi/5.4.1/armv7e-m/fpu\libgcc.a(_arm_muldivdf3.o)
                              ..\obj\km.o (__aeabi_dmul)
c:/program files (x86)/gnu tools arm embedded/5.4 2016q2/bin/../lib/gcc/arm-none-eabi/5.4.1/armv7e-m/fpu\libgcc.a(_arm_cmpdf2.o)
[...]
Memory Configuration

Name             Origin             Length             Attributes
rom              0x08000000         0x00200000         xr
ram              0x20000000         0x00030000         xrw
ram1             0x10000000         0x00010000         xrw
*default*        0x00000000         0xffffffff

Linker script and memory map

LOAD c:/program files (x86)/gnu tools arm embedded/5.4 2016q2/bin/../lib/gcc/arm-none-eabi/5.4.1/armv7e-m/fpu/crti.o
LOAD c:/program files (x86)/gnu tools arm embedded/5.4 2016q2/bin/../lib/gcc/arm-none-eabi/5.4.1/armv7e-m/fpu/crtbegin.o
LOAD c:/program files (x86)/gnu tools arm embedded/5.4 2016q2/bin/../lib/gcc/arm-none-eabi/5.4.1/../../../../arm-none-eabi/lib/armv7e-m/fpu/crt0.o
                0x20030000                _eram = 0x20030000

.text           0x08000000     0xd638
 *(.isr_vector)
 .isr_vector    0x08000000      0x188 ..\obj\startup_stm32f4xx.o
                0x08000000                g_pfnVectors
 *(.text*)
 .text          0x08000188       0x5c c:/program files (x86)/gnu tools arm embedded/5.4 2016q2/bin/../lib/gcc/arm-none-eabi/5.4.1/armv7e-m/fpu/crtbegin.o
 .text.I2cInit  0x080001e4       0x94 ..\obj\i2c.o
                0x080001e4                I2cInit
 .text.I2cSendByte
                0x08000278       0x9c ..\obj\i2c.o
                0x08000278                I2cSendByte
 .text.I2cReadByte
                0x08000314       0xe0 ..\obj\i2c.o
                0x08000314                I2cReadByte
 .text.I2cRead  0x080003f4      0x100 ..\obj\i2c.o
                0x080003f4                I2cRead
 .text.getAngleX
                0x080004f4      0x328 ..\obj\km.o
                0x080004f4                getAngleX
 .text.getAngleY
                0x0800081c      0x328 ..\obj\km.o
                0x0800081c                getAngleY
 .text.getAngleZ
                0x08000b44      0x328 ..\obj\km.o
                0x08000b44                getAngleZ
 .text.setAngleX
                0x08000e6c       0x24 ..\obj\km.o
                0x08000e6c                setAngleX
 .text.setAngleY
                0x08000e90       0x24 ..\obj\km.o
                0x08000e90                setAngleY
 .text.setAngleZ
                0x08000eb4       0x24 ..\obj\km.o
                0x08000eb4                setAngleZ
 .text.hmc5883l_init
                0x08000ed8       0x5c ..\obj\hmc5883l.o
                0x08000ed8                hmc5883l_init
 .text.hmc5883l_getrawdata
                0x08000f34       0x5c ..\obj\hmc5883l.o
                0x08000f34                hmc5883l_getrawdata
 .text.hmc5883l_getdata
                0x08000f90      0x20c ..\obj\hmc5883l.o
                0x08000f90                hmc5883l_getdata
 .text.USART_Init
                0x0800119c      0x174 ..\obj\stm32f4xx_usart.o
                0x0800119c                USART_Init
 .text.USART_Cmd
                0x08001310       0x40 ..\obj\stm32f4xx_usart.o
                0x08001310                USART_Cmd
 .text.USART_SendData
                0x08001350       0x24 ..\obj\stm32f4xx_usart.o
                0x08001350                USART_SendData
 .text.USART_ReceiveData
                0x08001374       0x20 ..\obj\stm32f4xx_usart.o
                0x08001374                USART_ReceiveData
 .text.USART_ITConfig
                0x08001394       0x90 ..\obj\stm32f4xx_usart.o
                0x08001394                USART_ITConfig
 .text.USART_GetITStatus
                0x08001424       0xb8 ..\obj\stm32f4xx_usart.o
                0x08001424                USART_GetITStatus
 .text.Default_Reset_Handler
                0x080014dc       0x6c ..\obj\startup_stm32f4xx.o
                0x080014dc                Default_Reset_Handler
                0x080014dc                Reset_Handler
 .text.Default_Handler
                0x08001548        0x8 ..\obj\startup_stm32f4xx.o
                0x08001548                RTC_Alarm_IRQHandler
                0x08001548                HASH_RNG_IRQHandler
                0x08001548                EXTI2_IRQHandler
                0x08001548                TIM8_CC_IRQHandler
                0x08001548                TIM1_CC_IRQHandler
                0x08001548                DMA2_Stream5_IRQHandler
                0x08001548                DMA1_Stream5_IRQHandler
                0x08001548                PVD_IRQHandler
                0x08001548                SDIO_IRQHandler
                0x08001548                TAMP_STAMP_IRQHandler
                0x08001548                CAN2_RX1_IRQHandler
                0x08001548                EXTI3_IRQHandler
                0x08001548                TIM8_TRG_COM_TIM14_IRQHandler
                0x08001548                TIM1_UP_TIM10_IRQHandler
                0x08001548                TIM8_UP_TIM13_IRQHandler
                0x08001548                I2C3_ER_IRQHandler
                0x08001548                EXTI0_IRQHandler
                0x08001548                I2C2_EV_IRQHandler
                0x08001548                DMA1_Stream2_IRQHandler
                0x08001548                CAN1_RX0_IRQHandler
                0x08001548                FPU_IRQHandler
                0x08001548                OTG_HS_WKUP_IRQHandler
                0x08001548                CAN2_SCE_IRQHandler
                0x08001548                DMA2_Stream2_IRQHandler
                0x08001548                SPI1_IRQHandler
                0x08001548                TIM6_DAC_IRQHandler
                0x08001548                TIM1_BRK_TIM9_IRQHandler
                0x08001548                DCMI_IRQHandler
                0x08001548                CAN2_RX0_IRQHandler
                0x08001548                DMA2_Stream3_IRQHandler
                0x08001548                CRYP_IRQHandler
                0x08001548                CAN1_RX1_IRQHandler
                0x08001548                DMA2_Stream0_IRQHandler
                0x08001548                TIM4_IRQHandler
                0x08001548                I2C1_EV_IRQHandler
                0x08001548                DMA1_Stream6_IRQHandler
                0x08001548                DMA1_Stream1_IRQHandler
                0x08001548                TIM3_IRQHandler
                0x08001548                RCC_IRQHandler
                0x08001548                TIM8_BRK_TIM12_IRQHandler
                0x08001548                ADC_IRQHandler
                0x08001548                DMA1_Stream7_IRQHandler
                0x08001548                TIM7_IRQHandler
                0x08001548                CAN2_TX_IRQHandler
                0x08001548                TIM5_IRQHandler
                0x08001548                DMA2_Stream7_IRQHandler
                0x08001548                I2C3_EV_IRQHandler
                0x08001548                RTC_WKUP_IRQHandler
                0x08001548                ETH_WKUP_IRQHandler
                0x08001548                SPI2_IRQHandler
                0x08001548                OTG_HS_EP1_IN_IRQHandler
                0x08001548                DMA1_Stream0_IRQHandler
                0x08001548                CAN1_TX_IRQHandler
                0x08001548                EXTI4_IRQHandler
                0x08001548                FSMC_IRQHandler
                0x08001548                ETH_IRQHandler
                0x08001548                OTG_HS_EP1_OUT_IRQHandler
                0x08001548                WWDG_IRQHandler
                0x08001548                TIM2_IRQHandler
                0x08001548                OTG_FS_WKUP_IRQHandler
                0x08001548                TIM1_TRG_COM_TIM11_IRQHandler
                0x08001548                OTG_HS_IRQHandler
                0x08001548                EXTI1_IRQHandler
                0x08001548                I2C2_ER_IRQHandler
                0x08001548                DMA2_Stream1_IRQHandler
                0x08001548                CAN1_SCE_IRQHandler
                0x08001548                FLASH_IRQHandler
                0x08001548                DMA2_Stream4_IRQHandler
                0x08001548                OTG_FS_IRQHandler
                0x08001548                SPI3_IRQHandler
                0x08001548                DMA1_Stream4_IRQHandler
                0x08001548                I2C1_ER_IRQHandler
                0x08001548                DMA2_Stream6_IRQHandler
                0x08001548                DMA1_Stream3_IRQHandler
 .text.UART_PutChar
                0x08001550       0x24 ..\obj\main.o
                0x08001550                UART_PutChar
 *fill*         0x08001574        0x4 
 .text.task4    0x08001578      0xa24 ..\obj\main.o
                0x08001578                task4
 .text.task5    0x08001f9c       0xb0 ..\obj\main.o
                0x08001f9c                task5
 .text.main     0x0800204c       0xd0 ..\obj\main.o
                0x0800204c                main
 .text.RCC_GetClocksFreq
                0x0800211c      0x154 ..\obj\stm32f4xx_rcc.o
                0x0800211c                RCC_GetClocksFreq
 .text.RCC_AHB1PeriphClockCmd
                0x08002270       0x40 ..\obj\stm32f4xx_rcc.o
                0x08002270                RCC_AHB1PeriphClockCmd
 .text.RCC_APB1PeriphClockCmd
                0x080022b0       0x40 ..\obj\stm32f4xx_rcc.o
                0x080022b0                RCC_APB1PeriphClockCmd
 .text.RCC_APB2PeriphClockCmd
                0x080022f0       0x40 ..\obj\stm32f4xx_rcc.o
                0x080022f0                RCC_APB2PeriphClockCmd
 .text.RCC_APB1PeriphResetCmd
                0x08002330       0x40 ..\obj\stm32f4xx_rcc.o
                0x08002330                RCC_APB1PeriphResetCmd
 .text.NMI_Handler
                0x08002370        0x8 ..\obj\stm32f4xx_it.o
                0x08002370                NMI_Handler
 .text.HardFault_Handler
                0x08002378        0x8 ..\obj\stm32f4xx_it.o
                0x08002378                HardFault_Handler
 .text.MemManage_Handler
                0x08002380        0x8 ..\obj\stm32f4xx_it.o
                0x08002380                MemManage_Handler
 .text.BusFault_Handler
                0x08002388        0x8 ..\obj\stm32f4xx_it.o
                0x08002388                BusFault_Handler
 .text.UsageFault_Handler
                0x08002390        0x8 ..\obj\stm32f4xx_it.o
                0x08002390                UsageFault_Handler
 .text.DebugMon_Handler
                0x08002398       0x10 ..\obj\stm32f4xx_it.o
                0x08002398                DebugMon_Handler
 .text.EXTI9_5_IRQHandler
                0x080023a8       0x10 ..\obj\stm32f4xx_it.o
                0x080023a8                EXTI9_5_IRQHandler
 .text.EXTI15_10_IRQHandler
                0x080023b8       0x10 ..\obj\stm32f4xx_it.o
                0x080023b8                EXTI15_10_IRQHandler
 .text.xTimerCreateTimerTask
                0x080023c8       0x64 ..\obj\timers.o
                0x080023c8                xTimerCreateTimerTask
 .text.xTimerGenericCommand
                0x0800242c       0x98 ..\obj\timers.o
                0x0800242c                xTimerGenericCommand
 .text.prvProcessExpiredTimer
                0x080024c4       0x80 ..\obj\timers.o
 .text.prvTimerTask
                0x08002544       0x24 ..\obj\timers.o
 .text.prvProcessTimerOrBlockTask
                0x08002568       0x9c ..\obj\timers.o
 .text.prvGetNextExpireTime
                0x08002604       0x48 ..\obj\timers.o
 .text.prvSampleTimeNow
                0x0800264c       0x40 ..\obj\timers.o
 .text.prvInsertTimerInActiveList
                0x0800268c       0x84 ..\obj\timers.o
 .text.prvProcessReceivedCommands
                0x08002710      0x124 ..\obj\timers.o
 .text.prvSwitchTimerLists
                0x08002834       0xc0 ..\obj\timers.o
 .text.prvCheckForValidListAndQueue
                0x080028f4       0x6c ..\obj\timers.o
 .text.DecodePortId
                0x08002960       0xac ..\obj\gpio.o
                0x08002960                DecodePortId
 .text.DecodePinId
                0x08002a0c       0xdc ..\obj\gpio.o
                0x08002a0c                DecodePinId
 .text.DecodePinMode
                0x08002ae8       0x34 ..\obj\gpio.o
                0x08002ae8                DecodePinMode
 .text.GpioClockMask
                0x08002b1c       0x88 ..\obj\gpio.o
                0x08002b1c                GpioClockMask
 .text.InitPin  0x08002ba4       0x8c ..\obj\gpio.o
                0x08002ba4                InitPin
 .text.xTaskCreate
                0x08002c30       0x84 ..\obj\tasks.o
                0x08002c30                xTaskCreate
 .text.prvInitialiseNewTask
                0x08002cb4       0xf0 ..\obj\tasks.o
 .text.prvAddNewTaskToReadyList
                0x08002da4       0xd4 ..\obj\tasks.o
 .text.vTaskDelayUntil
                0x08002e78       0xf4 ..\obj\tasks.o
                0x08002e78                vTaskDelayUntil
 .text.vTaskDelay
                0x08002f6c       0x68 ..\obj\tasks.o
                0x08002f6c                vTaskDelay
 .text.vTaskStartScheduler
                0x08002fd4       0x98 ..\obj\tasks.o
                0x08002fd4                vTaskStartScheduler
 .text.vTaskSuspendAll
                0x0800306c       0x1c ..\obj\tasks.o
                0x0800306c                vTaskSuspendAll
 .text.xTaskResumeAll
                0x08003088      0x138 ..\obj\tasks.o
                0x08003088                xTaskResumeAll
 .text.xTaskGetTickCount
                0x080031c0       0x20 ..\obj\tasks.o
                0x080031c0                xTaskGetTickCount
 .text.xTaskIncrementTick
                0x080031e0      0x178 ..\obj\tasks.o
                0x080031e0                xTaskIncrementTick
 .text.vTaskSwitchContext
                0x08003358       0xb4 ..\obj\tasks.o
                0x08003358                vTaskSwitchContext
 .text.vTaskPlaceOnEventList
                0x0800340c       0x48 ..\obj\tasks.o
                0x0800340c                vTaskPlaceOnEventList
 .text.vTaskPlaceOnEventListRestricted
                0x08003454       0x54 ..\obj\tasks.o
                0x08003454                vTaskPlaceOnEventListRestricted
 .text.xTaskRemoveFromEventList
                0x080034a8       0xc4 ..\obj\tasks.o
                0x080034a8                xTaskRemoveFromEventList
 .text.vTaskSetTimeOutState
                0x0800356c       0x48 ..\obj\tasks.o
                0x0800356c                vTaskSetTimeOutState
 .text.xTaskCheckForTimeOut
                0x080035b4       0xac ..\obj\tasks.o
                0x080035b4                xTaskCheckForTimeOut
 .text.vTaskMissedYield
                0x08003660       0x18 ..\obj\tasks.o
                0x08003660                vTaskMissedYield
 .text.prvIdleTask
                0x08003678       0x10 ..\obj\tasks.o
 .text.prvInitialiseTaskLists
                0x08003688       0x6c ..\obj\tasks.o
 .text.prvCheckTasksWaitingTermination
                0x080036f4       0x10 ..\obj\tasks.o
 .text.prvResetNextTaskUnblockTime
                0x08003704       0x4c ..\obj\tasks.o
 .text.xTaskGetSchedulerState
                0x08003750       0x3c ..\obj\tasks.o
                0x08003750                xTaskGetSchedulerState
 .text.prvAddCurrentTaskToDelayedList
                0x0800378c       0xa8 ..\obj\tasks.o
 .text.GPIO_Init
                0x08003834      0x11c ..\obj\stm32f4xx_gpio.o
                0x08003834                GPIO_Init
 .text.GPIO_PinAFConfig
                0x08003950       0x94 ..\obj\stm32f4xx_gpio.o
                0x08003950                GPIO_PinAFConfig
 .text.MPU6050Init
                0x080039e4      0x180 ..\obj\mpu.o
                0x080039e4                MPU6050Init
 .text.MPU6050ReadAll
                0x08003b64       0xc8 ..\obj\mpu.o
                0x08003b64                MPU6050ReadAll
 .text.vListInitialise
                0x08003c2c       0x40 ..\obj\list.o
                0x08003c2c                vListInitialise
 .text.vListInitialiseItem
                0x08003c6c       0x1c ..\obj\list.o
                0x08003c6c                vListInitialiseItem
 .text.vListInsertEnd
                0x08003c88       0x48 ..\obj\list.o
                0x08003c88                vListInsertEnd
 .text.vListInsert
                0x08003cd0       0x74 ..\obj\list.o
                0x08003cd0                vListInsert
 .text.uxListRemove
                0x08003d44       0x54 ..\obj\list.o
                0x08003d44                uxListRemove
 .text.SystemInit
                0x08003d98       0x6c ..\obj\system_stm32f4xx.o
                0x08003d98                SystemInit
 .text.SystemCoreClockUpdate
                0x08003e04       0xfc ..\obj\system_stm32f4xx.o
                0x08003e04                SystemCoreClockUpdate
 .text.SetSysClock
                0x08003f00       0xf8 ..\obj\system_stm32f4xx.o
 .text._sbrk    0x08003ff8       0x40 ..\obj\syscalls.o
                0x08003ff8                _sbrk
 .text._close   0x08004038       0x18 ..\obj\syscalls.o
                0x08004038                _close
 .text._fstat   0x08004050       0x20 ..\obj\syscalls.o
                0x08004050                _fstat
 .text._isatty  0x08004070       0x18 ..\obj\syscalls.o
                0x08004070                _isatty
 .text._lseek   0x08004088       0x1c ..\obj\syscalls.o
                0x08004088                _lseek
 .text._read    0x080040a4       0x1c ..\obj\syscalls.o
                0x080040a4                _read
 .text._write   0x080040c0       0x38 ..\obj\syscalls.o
                0x080040c0                _write
 .text.pxPortInitialiseStack
                0x080040f8       0x68 ..\obj\port.o
                0x080040f8                pxPortInitialiseStack
 .text.prvTaskExitError
                0x08004160       0x3c ..\obj\port.o
 *fill*         0x0800419c        0x4 
 .text.SVC_Handler
                0x080041a0       0x28 ..\obj\port.o
                0x080041a0                SVC_Handler
 .text.prvPortStartFirstTask
                0x080041c8       0x20 ..\obj\port.o
 .text.xPortStartScheduler
                0x080041e8      0x118 ..\obj\port.o
                0x080041e8                xPortStartScheduler
 .text.vPortEnterCritical
                0x08004300       0x5c ..\obj\port.o
                0x08004300                vPortEnterCritical
 .text.vPortExitCritical
                0x0800435c       0x50 ..\obj\port.o
                0x0800435c                vPortExitCritical
 *fill*         0x080043ac        0x4 
 .text.PendSV_Handler
                0x080043b0       0x68 ..\obj\port.o
                0x080043b0                PendSV_Handler
 .text.SysTick_Handler
                0x08004418       0x40 ..\obj\port.o
                0x08004418                SysTick_Handler
 .text.vPortSetupTimerInterrupt
                0x08004458       0x38 ..\obj\port.o
                0x08004458                vPortSetupTimerInterrupt
 .text.vPortEnableVFP
                0x08004490       0x14 ..\obj\port.o
 .text.vPortValidateInterruptPriority
                0x080044a4       0x7c ..\obj\port.o
                0x080044a4                vPortValidateInterruptPriority
 .text.xQueueGenericReset
                0x08004520       0xd0 ..\obj\queue.o
                0x08004520                xQueueGenericReset
 .text.xQueueGenericCreate
                0x080045f0       0x74 ..\obj\queue.o
                0x080045f0                xQueueGenericCreate
 .text.prvInitialiseNewQueue
                0x08004664       0x40 ..\obj\queue.o
 .text.xQueueGenericSend
                0x080046a4      0x1f4 ..\obj\queue.o
                0x080046a4                xQueueGenericSend
 .text.xQueueGenericSendFromISR
                0x08004898      0x128 ..\obj\queue.o
                0x08004898                xQueueGenericSendFromISR
 .text.xQueueGenericReceive
                0x080049c0      0x1f8 ..\obj\queue.o
                0x080049c0                xQueueGenericReceive
 .text.xQueueReceiveFromISR
                0x08004bb8       0xfc ..\obj\queue.o
                0x08004bb8                xQueueReceiveFromISR
 .text.prvCopyDataToQueue
                0x08004cb4       0xb8 ..\obj\queue.o
 .text.prvCopyDataFromQueue
                0x08004d6c       0x4c ..\obj\queue.o
 .text.prvUnlockQueue
                0x08004db8       0xa4 ..\obj\queue.o
 .text.prvIsQueueEmpty
                0x08004e5c       0x2c ..\obj\queue.o
 .text.prvIsQueueFull
                0x08004e88       0x30 ..\obj\queue.o
 .text.vQueueAddToRegistry
                0x08004eb8       0x50 ..\obj\queue.o
                0x08004eb8                vQueueAddToRegistry
 .text.vQueueWaitForMessageRestricted
                0x08004f08       0x68 ..\obj\queue.o
                0x08004f08                vQueueWaitForMessageRestricted
 .text.I2C_DeInit
                0x08004f70       0x74 ..\obj\stm32f4xx_i2c.o
                0x08004f70                I2C_DeInit
 .text.I2C_Init
                0x08004fe4      0x184 ..\obj\stm32f4xx_i2c.o
                0x08004fe4                I2C_Init
 .text.I2C_Cmd  0x08005168       0x40 ..\obj\stm32f4xx_i2c.o
                0x08005168                I2C_Cmd
 .text.I2C_GenerateSTART
                0x080051a8       0x40 ..\obj\stm32f4xx_i2c.o
                0x080051a8                I2C_GenerateSTART
 .text.I2C_GenerateSTOP
                0x080051e8       0x40 ..\obj\stm32f4xx_i2c.o
                0x080051e8                I2C_GenerateSTOP
 .text.I2C_Send7bitAddress
                0x08005228       0x3c ..\obj\stm32f4xx_i2c.o
                0x08005228                I2C_Send7bitAddress
 .text.I2C_AcknowledgeConfig
                0x08005264       0x40 ..\obj\stm32f4xx_i2c.o
                0x08005264                I2C_AcknowledgeConfig
 .text.I2C_SendData
                0x080052a4       0x20 ..\obj\stm32f4xx_i2c.o
                0x080052a4                I2C_SendData
 .text.I2C_ReceiveData
                0x080052c4       0x1c ..\obj\stm32f4xx_i2c.o
                0x080052c4                I2C_ReceiveData
 .text.I2C_CheckEvent
                0x080052e0       0x60 ..\obj\stm32f4xx_i2c.o
                0x080052e0                I2C_CheckEvent
 .text.I2C_GetFlagStatus
                0x08005340       0x68 ..\obj\stm32f4xx_i2c.o
                0x08005340                I2C_GetFlagStatus
 .text.pvPortMalloc
                0x080053a8       0x8c ..\obj\heap_1.o
                0x080053a8                pvPortMalloc
 .text.vPortFree
                0x08005434       0x30 ..\obj\heap_1.o
                0x08005434                vPortFree
 .text.NVIC_EnableIRQ
                0x08005464       0x34 ..\obj\usart.o
 .text.NVIC_SetPriority
                0x08005498       0x54 ..\obj\usart.o
 .text.PinSourceDecode
                0x080054ec       0xec ..\obj\usart.o
                0x080054ec                PinSourceDecode
 .text.GetIRQnFromId
                0x080055d8       0x6c ..\obj\usart.o
                0x080055d8                GetIRQnFromId
 .text.GetGpioClockMask
                0x08005644       0xc0 ..\obj\usart.o
                0x08005644                GetGpioClockMask
 .text.ConfigUsartGpio
                0x08005704      0x1d0 ..\obj\usart.o
                0x08005704                ConfigUsartGpio
 .text.DecodeUsartId
                0x080058d4       0x84 ..\obj\usart.o
                0x080058d4                DecodeUsartId
 .text.StartUsartClock
                0x08005958       0x9c ..\obj\usart.o
                0x08005958                StartUsartClock
 .text.InitUsart
                0x080059f4      0x118 ..\obj\usart.o
                0x080059f4                InitUsart
 .text.UsartSendByte
                0x08005b0c       0x40 ..\obj\usart.o
                0x08005b0c                UsartSendByte
 .text.USART1_IRQHandler
                0x08005b4c       0xb0 ..\obj\usart.o
                0x08005b4c                USART1_IRQHandler
 .text.USART2_IRQHandler
                0x08005bfc       0xb0 ..\obj\usart.o
                0x08005bfc                USART2_IRQHandler
 .text.USART3_IRQHandler
                0x08005cac       0xb0 ..\obj\usart.o
                0x08005cac                USART3_IRQHandler
 .text.UART4_IRQHandler
                0x08005d5c       0xb0 ..\obj\usart.o
                0x08005d5c                UART4_IRQHandler
 .text.UART5_IRQHandler
                0x08005e0c       0xb0 ..\obj\usart.o
                0x08005e0c                UART5_IRQHandler
 .text.USART6_IRQHandler
                0x08005ebc       0xb0 ..\obj\usart.o
                0x08005ebc                USART6_IRQHandler
 *fill*         0x08005f6c        0x4 
 .text.cos      0x08005f70       0xc0 c:/program files (x86)/gnu tools arm embedded/5.4 2016q2/bin/../lib/gcc/arm-none-eabi/5.4.1/../../../../arm-none-eabi/lib/armv7e-m/fpu\libm.a(lib_a-s_cos.o)
                0x08005f70                cos
 .text.sin      0x08006030       0xc0 c:/program files (x86)/gnu tools arm embedded/5.4 2016q2/bin/../lib/gcc/arm-none-eabi/5.4.1/../../../../arm-none-eabi/lib/armv7e-m/fpu\libm.a(lib_a-s_sin.o)
                0x08006030                sin
 .text.atan2    0x080060f0        0x4 c:/program files (x86)/gnu tools arm embedded/5.4 2016q2/bin/../lib/gcc/arm-none-eabi/5.4.1/../../../../arm-none-eabi/lib/armv7e-m/fpu\libm.a(lib_a-w_atan2.o)
                0x080060f0                atan2
 *fill*         0x080060f4        0x4 
 .text.__ieee754_atan2
                0x080060f8      0x1ec c:/program files (x86)/gnu tools arm embedded/5.4 2016q2/bin/../lib/gcc/arm-none-eabi/5.4.1/../../../../arm-none-eabi/lib/armv7e-m/fpu\libm.a(lib_a-e_atan2.o)
                0x080060f8                __ieee754_atan2
 *fill*         0x080062e4        0x4 
 .text.__ieee754_rem_pio2
                0x080062e8      0x44c c:/program files (x86)/gnu tools arm embedded/5.4 2016q2/bin/../lib/gcc/arm-none-eabi/5.4.1/../../../../arm-none-eabi/lib/armv7e-m/fpu\libm.a(lib_a-e_rem_pio2.o)
                0x080062e8                __ieee754_rem_pio2
 *fill*         0x08006734        0x4 
 .text.__kernel_cos
                0x08006738      0x284 c:/program files (x86)/gnu tools arm embedded/5.4 2016q2/bin/../lib/gcc/arm-none-eabi/5.4.1/../../../../arm-none-eabi/lib/armv7e-m/fpu\libm.a(lib_a-k_cos.o)
                0x08006738                __kernel_cos
 *fill*         0x080069bc        0x4 
 .text.__kernel_rem_pio2
                0x080069c0      0x820 c:/program files (x86)/gnu tools arm embedded/5.4 2016q2/bin/../lib/gcc/arm-none-eabi/5.4.1/../../../../arm-none-eabi/lib/armv7e-m/fpu\libm.a(lib_a-k_rem_pio2.o)
                0x080069c0                __kernel_rem_pio2
 .text.__kernel_sin
                0x080071e0      0x194 c:/program files (x86)/gnu tools arm embedded/5.4 2016q2/bin/../lib/gcc/arm-none-eabi/5.4.1/../../../../arm-none-eabi/lib/armv7e-m/fpu\libm.a(lib_a-k_sin.o)
                0x080071e0                __kernel_sin
 *fill*         0x08007374        0x4 
 .text.atan     0x08007378      0x378 c:/program files (x86)/gnu tools arm embedded/5.4 2016q2/bin/../lib/gcc/arm-none-eabi/5.4.1/../../../../arm-none-eabi/lib/armv7e-m/fpu\libm.a(lib_a-s_atan.o)
                0x08007378                atan
 .text.fabs     0x080076f0       0x10 c:/program files (x86)/gnu tools arm embedded/5.4 2016q2/bin/../lib/gcc/arm-none-eabi/5.4.1/../../../../arm-none-eabi/lib/armv7e-m/fpu\libm.a(lib_a-s_fabs.o)
                0x080076f0                fabs
 .text.floor    0x08007700      0x120 c:/program files (x86)/gnu tools arm embedded/5.4 2016q2/bin/../lib/gcc/arm-none-eabi/5.4.1/../../../../arm-none-eabi/lib/armv7e-m/fpu\libm.a(lib_a-s_floor.o)
                0x08007700                floor
 .text.scalbn   0x08007820      0x10c c:/program files (x86)/gnu tools arm embedded/5.4 2016q2/bin/../lib/gcc/arm-none-eabi/5.4.1/../../../../arm-none-eabi/lib/armv7e-m/fpu\libm.a(lib_a-s_scalbn.o)
                0x08007820                scalbn
 .text.copysign
                0x0800792c       0x1c c:/program files (x86)/gnu tools arm embedded/5.4 2016q2/bin/../lib/gcc/arm-none-eabi/5.4.1/../../../../arm-none-eabi/lib/armv7e-m/fpu\libm.a(lib_a-s_copysign.o)
                0x0800792c                copysign
 .text          0x08007948      0x370 c:/program files (x86)/gnu tools arm embedded/5.4 2016q2/bin/../lib/gcc/arm-none-eabi/5.4.1/armv7e-m/fpu\libgcc.a(_arm_addsubdf3.o)
                0x08007948                __aeabi_drsub
                0x08007950                __aeabi_dsub
                0x08007950                __subdf3
                0x08007954                __aeabi_dadd
                0x08007954                __adddf3
                0x08007bcc                __floatunsidf
                0x08007bcc                __aeabi_ui2d
                0x08007bec                __floatsidf
                0x08007bec                __aeabi_i2d
                0x08007c10                __aeabi_f2d
                0x08007c10                __extendsfdf2
                0x08007c4c                __floatundidf
                0x08007c4c                __aeabi_ul2d
                0x08007c5c                __floatdidf
                0x08007c5c                __aeabi_l2d
 .text          0x08007cb8      0x424 c:/program files (x86)/gnu tools arm embedded/5.4 2016q2/bin/../lib/gcc/arm-none-eabi/5.4.1/armv7e-m/fpu\libgcc.a(_arm_muldivdf3.o)
                0x08007cb8                __aeabi_dmul
                0x08007cb8                __muldf3
                0x08007f0c                __divdf3
                0x08007f0c                __aeabi_ddiv
 .text          0x080080dc      0x110 c:/program files (x86)/gnu tools arm embedded/5.4 2016q2/bin/../lib/gcc/arm-none-eabi/5.4.1/armv7e-m/fpu\libgcc.a(_arm_cmpdf2.o)
                0x080080dc                __gtdf2
                0x080080dc                __gedf2
                0x080080e4                __ltdf2
                0x080080e4                __ledf2
                0x080080ec                __nedf2
                0x080080ec                __eqdf2
                0x080080ec                __cmpdf2
                0x08008168                __aeabi_cdrcmple
                0x08008178                __aeabi_cdcmpeq
                0x08008178                __aeabi_cdcmple
                0x08008188                __aeabi_dcmpeq
                0x0800819c                __aeabi_dcmplt
                0x080081b0                __aeabi_dcmple
                0x080081c4                __aeabi_dcmpge
                0x080081d8                __aeabi_dcmpgt
 .text          0x080081ec       0x50 c:/program files (x86)/gnu tools arm embedded/5.4 2016q2/bin/../lib/gcc/arm-none-eabi/5.4.1/armv7e-m/fpu\libgcc.a(_arm_fixdfsi.o)
                0x080081ec                __aeabi_d2iz
                0x080081ec                __fixdfsi
 .text          0x0800823c       0xa0 c:/program files (x86)/gnu tools arm embedded/5.4 2016q2/bin/../lib/gcc/arm-none-eabi/5.4.1/armv7e-m/fpu\libgcc.a(_arm_truncdfsf2.o)
                0x0800823c                __truncdfsf2
                0x0800823c                __aeabi_d2f
 .text          0x080082dc      0x134 c:/program files (x86)/gnu tools arm embedded/5.4 2016q2/bin/../lib/gcc/arm-none-eabi/5.4.1/../../../../arm-none-eabi/lib/armv7e-m/fpu\libc.a(lib_a-memcpy.o)
                0x080082dc                memcpy
 .text.memset   0x08008410       0x9c c:/program files (x86)/gnu tools arm embedded/5.4 2016q2/bin/../lib/gcc/arm-none-eabi/5.4.1/../../../../arm-none-eabi/lib/armv7e-m/fpu\libc.a(lib_a-memset.o)
                0x08008410                memset
 .text.printf   0x080084ac       0x28 c:/program files (x86)/gnu tools arm embedded/5.4 2016q2/bin/../lib/gcc/arm-none-eabi/5.4.1/../../../../arm-none-eabi/lib/armv7e-m/fpu\libc.a(lib_a-printf.o)
                0x080084ac                printf
 .text._puts_r  0x080084d4       0x68 c:/program files (x86)/gnu tools arm embedded/5.4 2016q2/bin/../lib/gcc/arm-none-eabi/5.4.1/../../../../arm-none-eabi/lib/armv7e-m/fpu\libc.a(lib_a-puts.o)
                0x080084d4                _puts_r
 .text.puts     0x0800853c       0x10 c:/program files (x86)/gnu tools arm embedded/5.4 2016q2/bin/../lib/gcc/arm-none-eabi/5.4.1/../../../../arm-none-eabi/lib/armv7e-m/fpu\libc.a(lib_a-puts.o)
                0x0800853c                puts
 *fill*         0x0800854c       0x34 
 .text          0x08008580       0xdc c:/program files (x86)/gnu tools arm embedded/5.4 2016q2/bin/../lib/gcc/arm-none-eabi/5.4.1/../../../../arm-none-eabi/lib/armv7e-m/fpu\libc.a(lib_a-strlen.o)
                0x08008580                strlen
 *fill*         0x0800865c        0x4 
 .text._vfprintf_r
                0x08008660     0x1714 c:/program files (x86)/gnu tools arm embedded/5.4 2016q2/bin/../lib/gcc/arm-none-eabi/5.4.1/../../../../arm-none-eabi/lib/armv7e-m/fpu\libc.a(lib_a-vfprintf.o)
                0x08008660                _vfprintf_r
 .text.__sbprintf
                0x08009d74       0x6c c:/program files (x86)/gnu tools arm embedded/5.4 2016q2/bin/../lib/gcc/arm-none-eabi/5.4.1/../../../../arm-none-eabi/lib/armv7e-m/fpu\libc.a(lib_a-vfprintf.o)
 .text.__swsetup_r
                0x08009de0       0xc8 c:/program files (x86)/gnu tools arm embedded/5.4 2016q2/bin/../lib/gcc/arm-none-eabi/5.4.1/../../../../arm-none-eabi/lib/armv7e-m/fpu\libc.a(lib_a-wsetup.o)
                0x08009de0                __swsetup_r
 .text.startup.register_fini
                0x08009ea8       0x14 c:/program files (x86)/gnu tools arm embedded/5.4 2016q2/bin/../lib/gcc/arm-none-eabi/5.4.1/../../../../arm-none-eabi/lib/armv7e-m/fpu\libc.a(lib_a-__call_atexit.o)
 .text.atexit   0x08009ebc        0xc c:/program files (x86)/gnu tools arm embedded/5.4 2016q2/bin/../lib/gcc/arm-none-eabi/5.4.1/../../../../arm-none-eabi/lib/armv7e-m/fpu\libc.a(lib_a-atexit.o)
                0x08009ebc                atexit
 .text.quorem   0x08009ec8      0x128 c:/program files (x86)/gnu tools arm embedded/5.4 2016q2/bin/../lib/gcc/arm-none-eabi/5.4.1/../../../../arm-none-eabi/lib/armv7e-m/fpu\libc.a(lib_a-dtoa.o)
 .text._dtoa_r  0x08009ff0      0xe34 c:/program files (x86)/gnu tools arm embedded/5.4 2016q2/bin/../lib/gcc/arm-none-eabi/5.4.1/../../../../arm-none-eabi/lib/armv7e-m/fpu\libc.a(lib_a-dtoa.o)
                0x08009ff0                _dtoa_r
 .text.__sflush_r
                0x0800ae24      0x148 c:/program files (x86)/gnu tools arm embedded/5.4 2016q2/bin/../lib/gcc/arm-none-eabi/5.4.1/../../../../arm-none-eabi/lib/armv7e-m/fpu\libc.a(lib_a-fflush.o)
                0x0800ae24                __sflush_r
 .text._fflush_r
                0x0800af6c       0x2c c:/program files (x86)/gnu tools arm embedded/5.4 2016q2/bin/../lib/gcc/arm-none-eabi/5.4.1/../../../../arm-none-eabi/lib/armv7e-m/fpu\libc.a(lib_a-fflush.o)
                0x0800af6c                _fflush_r
 .text._cleanup_r
                0x0800af98        0xc c:/program files (x86)/gnu tools arm embedded/5.4 2016q2/bin/../lib/gcc/arm-none-eabi/5.4.1/../../../../arm-none-eabi/lib/armv7e-m/fpu\libc.a(lib_a-findfp.o)
                0x0800af98                _cleanup_r
 .text.__sinit.part.1
                0x0800afa4       0xf0 c:/program files (x86)/gnu tools arm embedded/5.4 2016q2/bin/../lib/gcc/arm-none-eabi/5.4.1/../../../../arm-none-eabi/lib/armv7e-m/fpu\libc.a(lib_a-findfp.o)
 .text.__sinit  0x0800b094        0xc c:/program files (x86)/gnu tools arm embedded/5.4 2016q2/bin/../lib/gcc/arm-none-eabi/5.4.1/../../../../arm-none-eabi/lib/armv7e-m/fpu\libc.a(lib_a-findfp.o)
                0x0800b094                __sinit
 .text.__sfp_lock_acquire
                0x0800b0a0        0x4 c:/program files (x86)/gnu tools arm embedded/5.4 2016q2/bin/../lib/gcc/arm-none-eabi/5.4.1/../../../../arm-none-eabi/lib/armv7e-m/fpu\libc.a(lib_a-findfp.o)
                0x0800b0a0                __sfp_lock_acquire
 .text.__sfp_lock_release
                0x0800b0a4        0x4 c:/program files (x86)/gnu tools arm embedded/5.4 2016q2/bin/../lib/gcc/arm-none-eabi/5.4.1/../../../../arm-none-eabi/lib/armv7e-m/fpu\libc.a(lib_a-findfp.o)
                0x0800b0a4                __sfp_lock_release
 .text.__libc_fini_array
                0x0800b0a8       0x28 c:/program files (x86)/gnu tools arm embedded/5.4 2016q2/bin/../lib/gcc/arm-none-eabi/5.4.1/../../../../arm-none-eabi/lib/armv7e-m/fpu\libc.a(lib_a-fini.o)
                0x0800b0a8                __libc_fini_array
 .text._malloc_trim_r
                0x0800b0d0       0x9c c:/program files (x86)/gnu tools arm embedded/5.4 2016q2/bin/../lib/gcc/arm-none-eabi/5.4.1/../../../../arm-none-eabi/lib/armv7e-m/fpu\libc.a(lib_a-freer.o)
                0x0800b0d0                _malloc_trim_r
 .text._free_r  0x0800b16c      0x1d0 c:/program files (x86)/gnu tools arm embedded/5.4 2016q2/bin/../lib/gcc/arm-none-eabi/5.4.1/../../../../arm-none-eabi/lib/armv7e-m/fpu\libc.a(lib_a-freer.o)
                0x0800b16c                _free_r
 .text.__sfvwrite_r
                0x0800b33c      0x304 c:/program files (x86)/gnu tools arm embedded/5.4 2016q2/bin/../lib/gcc/arm-none-eabi/5.4.1/../../../../arm-none-eabi/lib/armv7e-m/fpu\libc.a(lib_a-fvwrite.o)
                0x0800b33c                __sfvwrite_r
 .text._fwalk_reent
                0x0800b640       0x54 c:/program files (x86)/gnu tools arm embedded/5.4 2016q2/bin/../lib/gcc/arm-none-eabi/5.4.1/../../../../arm-none-eabi/lib/armv7e-m/fpu\libc.a(lib_a-fwalk.o)
                0x0800b640                _fwalk_reent
 .text.__locale_charset
                0x0800b694        0x8 c:/program files (x86)/gnu tools arm embedded/5.4 2016q2/bin/../lib/gcc/arm-none-eabi/5.4.1/../../../../arm-none-eabi/lib/armv7e-m/fpu\libc.a(lib_a-locale.o)
                0x0800b694                __locale_charset
 .text.__locale_mb_cur_max
                0x0800b69c        0xc c:/program files (x86)/gnu tools arm embedded/5.4 2016q2/bin/../lib/gcc/arm-none-eabi/5.4.1/../../../../arm-none-eabi/lib/armv7e-m/fpu\libc.a(lib_a-locale.o)
                0x0800b69c                __locale_mb_cur_max
 .text._localeconv_r
                0x0800b6a8        0x8 c:/program files (x86)/gnu tools arm embedded/5.4 2016q2/bin/../lib/gcc/arm-none-eabi/5.4.1/../../../../arm-none-eabi/lib/armv7e-m/fpu\libc.a(lib_a-locale.o)
                0x0800b6a8                _localeconv_r
 .text.__swhatbuf_r
                0x0800b6b0       0x60 c:/program files (x86)/gnu tools arm embedded/5.4 2016q2/bin/../lib/gcc/arm-none-eabi/5.4.1/../../../../arm-none-eabi/lib/armv7e-m/fpu\libc.a(lib_a-makebuf.o)
                0x0800b6b0                __swhatbuf_r
 .text.__smakebuf_r
                0x0800b710       0x88 c:/program files (x86)/gnu tools arm embedded/5.4 2016q2/bin/../lib/gcc/arm-none-eabi/5.4.1/../../../../arm-none-eabi/lib/armv7e-m/fpu\libc.a(lib_a-makebuf.o)
                0x0800b710                __smakebuf_r
 .text._malloc_r
                0x0800b798      0x570 c:/program files (x86)/gnu tools arm embedded/5.4 2016q2/bin/../lib/gcc/arm-none-eabi/5.4.1/../../../../arm-none-eabi/lib/armv7e-m/fpu\libc.a(lib_a-mallocr.o)
                0x0800b798                _malloc_r
 *fill*         0x0800bd08        0x8 
 .text          0x0800bd10       0xa0 c:/program files (x86)/gnu tools arm embedded/5.4 2016q2/bin/../lib/gcc/arm-none-eabi/5.4.1/../../../../arm-none-eabi/lib/armv7e-m/fpu\libc.a(lib_a-memchr.o)
                0x0800bd10                memchr
 .text.memmove  0x0800bdb0       0xc8 c:/program files (x86)/gnu tools arm embedded/5.4 2016q2/bin/../lib/gcc/arm-none-eabi/5.4.1/../../../../arm-none-eabi/lib/armv7e-m/fpu\libc.a(lib_a-memmove.o)
                0x0800bdb0                memmove
 .text.__malloc_lock
                0x0800be78        0x4 c:/program files (x86)/gnu tools arm embedded/5.4 2016q2/bin/../lib/gcc/arm-none-eabi/5.4.1/../../../../arm-none-eabi/lib/armv7e-m/fpu\libc.a(lib_a-mlock.o)
                0x0800be78                __malloc_lock
 .text.__malloc_unlock
                0x0800be7c        0x4 c:/program files (x86)/gnu tools arm embedded/5.4 2016q2/bin/../lib/gcc/arm-none-eabi/5.4.1/../../../../arm-none-eabi/lib/armv7e-m/fpu\libc.a(lib_a-mlock.o)
                0x0800be7c                __malloc_unlock
 .text._Balloc  0x0800be80       0x4c c:/program files (x86)/gnu tools arm embedded/5.4 2016q2/bin/../lib/gcc/arm-none-eabi/5.4.1/../../../../arm-none-eabi/lib/armv7e-m/fpu\libc.a(lib_a-mprec.o)
                0x0800be80                _Balloc
 .text._Bfree   0x0800becc       0x14 c:/program files (x86)/gnu tools arm embedded/5.4 2016q2/bin/../lib/gcc/arm-none-eabi/5.4.1/../../../../arm-none-eabi/lib/armv7e-m/fpu\libc.a(lib_a-mprec.o)
                0x0800becc                _Bfree
 .text.__multadd
                0x0800bee0       0x80 c:/program files (x86)/gnu tools arm embedded/5.4 2016q2/bin/../lib/gcc/arm-none-eabi/5.4.1/../../../../arm-none-eabi/lib/armv7e-m/fpu\libc.a(lib_a-mprec.o)
                0x0800bee0                __multadd
 .text.__hi0bits
                0x0800bf60       0x40 c:/program files (x86)/gnu tools arm embedded/5.4 2016q2/bin/../lib/gcc/arm-none-eabi/5.4.1/../../../../arm-none-eabi/lib/armv7e-m/fpu\libc.a(lib_a-mprec.o)
                0x0800bf60                __hi0bits
 .text.__lo0bits
                0x0800bfa0       0x5c c:/program files (x86)/gnu tools arm embedded/5.4 2016q2/bin/../lib/gcc/arm-none-eabi/5.4.1/../../../../arm-none-eabi/lib/armv7e-m/fpu\libc.a(lib_a-mprec.o)
                0x0800bfa0                __lo0bits
 .text.__i2b    0x0800bffc       0x14 c:/program files (x86)/gnu tools arm embedded/5.4 2016q2/bin/../lib/gcc/arm-none-eabi/5.4.1/../../../../arm-none-eabi/lib/armv7e-m/fpu\libc.a(lib_a-mprec.o)
                0x0800bffc                __i2b
 .text.__multiply
                0x0800c010      0x130 c:/program files (x86)/gnu tools arm embedded/5.4 2016q2/bin/../lib/gcc/arm-none-eabi/5.4.1/../../../../arm-none-eabi/lib/armv7e-m/fpu\libc.a(lib_a-mprec.o)
                0x0800c010                __multiply
 .text.__pow5mult
                0x0800c140       0xa0 c:/program files (x86)/gnu tools arm embedded/5.4 2016q2/bin/../lib/gcc/arm-none-eabi/5.4.1/../../../../arm-none-eabi/lib/armv7e-m/fpu\libc.a(lib_a-mprec.o)
                0x0800c140                __pow5mult
 .text.__lshift
                0x0800c1e0       0xb0 c:/program files (x86)/gnu tools arm embedded/5.4 2016q2/bin/../lib/gcc/arm-none-eabi/5.4.1/../../../../arm-none-eabi/lib/armv7e-m/fpu\libc.a(lib_a-mprec.o)
                0x0800c1e0                __lshift
 .text.__mcmp   0x0800c290       0x44 c:/program files (x86)/gnu tools arm embedded/5.4 2016q2/bin/../lib/gcc/arm-none-eabi/5.4.1/../../../../arm-none-eabi/lib/armv7e-m/fpu\libc.a(lib_a-mprec.o)
                0x0800c290                __mcmp
 .text.__mdiff  0x0800c2d4      0x114 c:/program files (x86)/gnu tools arm embedded/5.4 2016q2/bin/../lib/gcc/arm-none-eabi/5.4.1/../../../../arm-none-eabi/lib/armv7e-m/fpu\libc.a(lib_a-mprec.o)
                0x0800c2d4                __mdiff
 .text.__d2b    0x0800c3e8       0xbc c:/program files (x86)/gnu tools arm embedded/5.4 2016q2/bin/../lib/gcc/arm-none-eabi/5.4.1/../../../../arm-none-eabi/lib/armv7e-m/fpu\libc.a(lib_a-mprec.o)
                0x0800c3e8                __d2b
 .text._realloc_r
                0x0800c4a4      0x3e0 c:/program files (x86)/gnu tools arm embedded/5.4 2016q2/bin/../lib/gcc/arm-none-eabi/5.4.1/../../../../arm-none-eabi/lib/armv7e-m/fpu\libc.a(lib_a-reallocr.o)
                0x0800c4a4                _realloc_r
 .text._sbrk_r  0x0800c884       0x24 c:/program files (x86)/gnu tools arm embedded/5.4 2016q2/bin/../lib/gcc/arm-none-eabi/5.4.1/../../../../arm-none-eabi/lib/armv7e-m/fpu\libc.a(lib_a-sbrkr.o)
                0x0800c884                _sbrk_r
 .text.__sread  0x0800c8a8       0x24 c:/program files (x86)/gnu tools arm embedded/5.4 2016q2/bin/../lib/gcc/arm-none-eabi/5.4.1/../../../../arm-none-eabi/lib/armv7e-m/fpu\libc.a(lib_a-stdio.o)
                0x0800c8a8                __sread
 .text.__swrite
                0x0800c8cc       0x3c c:/program files (x86)/gnu tools arm embedded/5.4 2016q2/bin/../lib/gcc/arm-none-eabi/5.4.1/../../../../arm-none-eabi/lib/armv7e-m/fpu\libc.a(lib_a-stdio.o)
                0x0800c8cc                __swrite
 .text.__sseek  0x0800c908       0x20 c:/program files (x86)/gnu tools arm embedded/5.4 2016q2/bin/../lib/gcc/arm-none-eabi/5.4.1/../../../../arm-none-eabi/lib/armv7e-m/fpu\libc.a(lib_a-stdio.o)
                0x0800c908                __sseek
 .text.__sclose
                0x0800c928        0x8 c:/program files (x86)/gnu tools arm embedded/5.4 2016q2/bin/../lib/gcc/arm-none-eabi/5.4.1/../../../../arm-none-eabi/lib/armv7e-m/fpu\libc.a(lib_a-stdio.o)
                0x0800c928                __sclose
 .text.__sprint_r.part.0
                0x0800c930       0x78 c:/program files (x86)/gnu tools arm embedded/5.4 2016q2/bin/../lib/gcc/arm-none-eabi/5.4.1/../../../../arm-none-eabi/lib/armv7e-m/fpu\libc.a(lib_a-vfiprintf.o)
 .text.__sprint_r
                0x0800c9a8       0x14 c:/program files (x86)/gnu tools arm embedded/5.4 2016q2/bin/../lib/gcc/arm-none-eabi/5.4.1/../../../../arm-none-eabi/lib/armv7e-m/fpu\libc.a(lib_a-vfiprintf.o)
                0x0800c9a8                __sprint_r
 .text._write_r
                0x0800c9bc       0x2c c:/program files (x86)/gnu tools arm embedded/5.4 2016q2/bin/../lib/gcc/arm-none-eabi/5.4.1/../../../../arm-none-eabi/lib/armv7e-m/fpu\libc.a(lib_a-writer.o)
                0x0800c9bc                _write_r
 .text.__register_exitproc
                0x0800c9e8       0xa4 c:/program files (x86)/gnu tools arm embedded/5.4 2016q2/bin/../lib/gcc/arm-none-eabi/5.4.1/../../../../arm-none-eabi/lib/armv7e-m/fpu\libc.a(lib_a-__atexit.o)
                0x0800c9e8                __register_exitproc
 .text._calloc_r
                0x0800ca8c       0x60 c:/program files (x86)/gnu tools arm embedded/5.4 2016q2/bin/../lib/gcc/arm-none-eabi/5.4.1/../../../../arm-none-eabi/lib/armv7e-m/fpu\libc.a(lib_a-callocr.o)
                0x0800ca8c                _calloc_r
 .text._close_r
                0x0800caec       0x24 c:/program files (x86)/gnu tools arm embedded/5.4 2016q2/bin/../lib/gcc/arm-none-eabi/5.4.1/../../../../arm-none-eabi/lib/armv7e-m/fpu\libc.a(lib_a-closer.o)
                0x0800caec                _close_r
 .text._fclose_r
                0x0800cb10       0x84 c:/program files (x86)/gnu tools arm embedded/5.4 2016q2/bin/../lib/gcc/arm-none-eabi/5.4.1/../../../../arm-none-eabi/lib/armv7e-m/fpu\libc.a(lib_a-fclose.o)
                0x0800cb10                _fclose_r
 .text.__fputwc
                0x0800cb94       0x98 c:/program files (x86)/gnu tools arm embedded/5.4 2016q2/bin/../lib/gcc/arm-none-eabi/5.4.1/../../../../arm-none-eabi/lib/armv7e-m/fpu\libc.a(lib_a-fputwc.o)
                0x0800cb94                __fputwc
 .text._fputwc_r
                0x0800cc2c       0x28 c:/program files (x86)/gnu tools arm embedded/5.4 2016q2/bin/../lib/gcc/arm-none-eabi/5.4.1/../../../../arm-none-eabi/lib/armv7e-m/fpu\libc.a(lib_a-fputwc.o)
                0x0800cc2c                _fputwc_r
 .text._fstat_r
                0x0800cc54       0x28 c:/program files (x86)/gnu tools arm embedded/5.4 2016q2/bin/../lib/gcc/arm-none-eabi/5.4.1/../../../../arm-none-eabi/lib/armv7e-m/fpu\libc.a(lib_a-fstatr.o)
                0x0800cc54                _fstat_r
 .text._isatty_r
                0x0800cc7c       0x24 c:/program files (x86)/gnu tools arm embedded/5.4 2016q2/bin/../lib/gcc/arm-none-eabi/5.4.1/../../../../arm-none-eabi/lib/armv7e-m/fpu\libc.a(lib_a-isattyr.o)
                0x0800cc7c                _isatty_r
 .text._lseek_r
                0x0800cca0       0x2c c:/program files (x86)/gnu tools arm embedded/5.4 2016q2/bin/../lib/gcc/arm-none-eabi/5.4.1/../../../../arm-none-eabi/lib/armv7e-m/fpu\libc.a(lib_a-lseekr.o)
                0x0800cca0                _lseek_r
 .text._read_r  0x0800cccc       0x2c c:/program files (x86)/gnu tools arm embedded/5.4 2016q2/bin/../lib/gcc/arm-none-eabi/5.4.1/../../../../arm-none-eabi/lib/armv7e-m/fpu\libc.a(lib_a-readr.o)
                0x0800cccc                _read_r
 .text.__swbuf_r
                0x0800ccf8       0xac c:/program files (x86)/gnu tools arm embedded/5.4 2016q2/bin/../lib/gcc/arm-none-eabi/5.4.1/../../../../arm-none-eabi/lib/armv7e-m/fpu\libc.a(lib_a-wbuf.o)
                0x0800ccf8                __swbuf_r
 .text._wcrtomb_r
                0x0800cda4       0x54 c:/program files (x86)/gnu tools arm embedded/5.4 2016q2/bin/../lib/gcc/arm-none-eabi/5.4.1/../../../../arm-none-eabi/lib/armv7e-m/fpu\libc.a(lib_a-wcrtomb.o)
                0x0800cda4                _wcrtomb_r
 .text.__ascii_wctomb
                0x0800cdf8       0x1c c:/program files (x86)/gnu tools arm embedded/5.4 2016q2/bin/../lib/gcc/arm-none-eabi/5.4.1/../../../../arm-none-eabi/lib/armv7e-m/fpu\libc.a(lib_a-wctomb_r.o)
                0x0800cdf8                __ascii_wctomb
 .text          0x0800ce14       0x2c c:/program files (x86)/gnu tools arm embedded/5.4 2016q2/bin/../lib/gcc/arm-none-eabi/5.4.1/armv7e-m/fpu\libgcc.a(_arm_unorddf2.o)
                0x0800ce14                __unorddf2
                0x0800ce14                __aeabi_dcmpun
 .text          0x0800ce40       0x30 c:/program files (x86)/gnu tools arm embedded/5.4 2016q2/bin/../lib/gcc/arm-none-eabi/5.4.1/armv7e-m/fpu\libgcc.a(_aeabi_uldivmod.o)
                0x0800ce40                __aeabi_uldivmod
 .text          0x0800ce70      0x2e4 c:/program files (x86)/gnu tools arm embedded/5.4 2016q2/bin/../lib/gcc/arm-none-eabi/5.4.1/armv7e-m/fpu\libgcc.a(_udivmoddi4.o)
                0x0800ce70                __udivmoddi4
 .text          0x0800d154        0x4 c:/program files (x86)/gnu tools arm embedded/5.4 2016q2/bin/../lib/gcc/arm-none-eabi/5.4.1/armv7e-m/fpu\libgcc.a(_dvmd_tls.o)
                0x0800d154                __aeabi_idiv0
                0x0800d154                __aeabi_ldiv0
 *(.init)
 .init          0x0800d158        0x4 c:/program files (x86)/gnu tools arm embedded/5.4 2016q2/bin/../lib/gcc/arm-none-eabi/5.4.1/armv7e-m/fpu/crti.o
                0x0800d158                _init
 .init          0x0800d15c        0x8 c:/program files (x86)/gnu tools arm embedded/5.4 2016q2/bin/../lib/gcc/arm-none-eabi/5.4.1/armv7e-m/fpu/crtn.o
 *(.fini)
 .fini          0x0800d164        0x4 c:/program files (x86)/gnu tools arm embedded/5.4 2016q2/bin/../lib/gcc/arm-none-eabi/5.4.1/armv7e-m/fpu/crti.o
                0x0800d164                _fini
 .fini          0x0800d168        0x8 c:/program files (x86)/gnu tools arm embedded/5.4 2016q2/bin/../lib/gcc/arm-none-eabi/5.4.1/armv7e-m/fpu/crtn.o
 *crtbegin.o(.ctors)
 *crtbegin?.o(.ctors)
 *(EXCLUDE_FILE(*crtend.o *crtend?.o) .ctors)
 *(SORT(.ctors.*))
 *(.ctors)
 *crtbegin.o(.dtors)
 *crtbegin?.o(.dtors)
 *(EXCLUDE_FILE(*crtend.o *crtend?.o) .dtors)
 *(SORT(.dtors.*))
 *(.dtors)
 *(.rodata*)
 .rodata        0x0800d170      0x110 ..\obj\main.o
 .rodata        0x0800d280        0xd ..\obj\timers.o
 *fill*         0x0800d28d        0x3 
 .rodata        0x0800d290        0x5 ..\obj\tasks.o
 *fill*         0x0800d295        0x3 
 .rodata.npio2_hw
                0x0800d298       0x80 c:/program files (x86)/gnu tools arm embedded/5.4 2016q2/bin/../lib/gcc/arm-none-eabi/5.4.1/../../../../arm-none-eabi/lib/armv7e-m/fpu\libm.a(lib_a-e_rem_pio2.o)
 .rodata.two_over_pi
                0x0800d318      0x108 c:/program files (x86)/gnu tools arm embedded/5.4 2016q2/bin/../lib/gcc/arm-none-eabi/5.4.1/../../../../arm-none-eabi/lib/armv7e-m/fpu\libm.a(lib_a-e_rem_pio2.o)
 .rodata.init_jk
                0x0800d420       0x10 c:/program files (x86)/gnu tools arm embedded/5.4 2016q2/bin/../lib/gcc/arm-none-eabi/5.4.1/../../../../arm-none-eabi/lib/armv7e-m/fpu\libm.a(lib_a-k_rem_pio2.o)
 .rodata.PIo2   0x0800d430       0x40 c:/program files (x86)/gnu tools arm embedded/5.4 2016q2/bin/../lib/gcc/arm-none-eabi/5.4.1/../../../../arm-none-eabi/lib/armv7e-m/fpu\libm.a(lib_a-k_rem_pio2.o)
 .rodata.atanlo
                0x0800d470       0x20 c:/program files (x86)/gnu tools arm embedded/5.4 2016q2/bin/../lib/gcc/arm-none-eabi/5.4.1/../../../../arm-none-eabi/lib/armv7e-m/fpu\libm.a(lib_a-s_atan.o)
 .rodata.atanhi
                0x0800d490       0x20 c:/program files (x86)/gnu tools arm embedded/5.4 2016q2/bin/../lib/gcc/arm-none-eabi/5.4.1/../../../../arm-none-eabi/lib/armv7e-m/fpu\libm.a(lib_a-s_atan.o)
 .rodata.str1.4
                0x0800d4b0        0x2 c:/program files (x86)/gnu tools arm embedded/5.4 2016q2/bin/../lib/gcc/arm-none-eabi/5.4.1/../../../../arm-none-eabi/lib/armv7e-m/fpu\libc.a(lib_a-impure.o)
 *fill*         0x0800d4b2        0x2 
 .rodata._global_impure_ptr
                0x0800d4b4        0x4 c:/program files (x86)/gnu tools arm embedded/5.4 2016q2/bin/../lib/gcc/arm-none-eabi/5.4.1/../../../../arm-none-eabi/lib/armv7e-m/fpu\libc.a(lib_a-impure.o)
                0x0800d4b4                _global_impure_ptr
 .rodata.str1.4
                0x0800d4b8        0x2 c:/program files (x86)/gnu tools arm embedded/5.4 2016q2/bin/../lib/gcc/arm-none-eabi/5.4.1/../../../../arm-none-eabi/lib/armv7e-m/fpu\libc.a(lib_a-puts.o)
 *fill*         0x0800d4ba        0x2 
 .rodata.blanks.7072
                0x0800d4bc       0x10 c:/program files (x86)/gnu tools arm embedded/5.4 2016q2/bin/../lib/gcc/arm-none-eabi/5.4.1/../../../../arm-none-eabi/lib/armv7e-m/fpu\libc.a(lib_a-vfprintf.o)
 .rodata.str1.4
                0x0800d4cc       0x42 c:/program files (x86)/gnu tools arm embedded/5.4 2016q2/bin/../lib/gcc/arm-none-eabi/5.4.1/../../../../arm-none-eabi/lib/armv7e-m/fpu\libc.a(lib_a-vfprintf.o)
 *fill*         0x0800d50e        0x2 
 .rodata.zeroes.7073
                0x0800d510       0x10 c:/program files (x86)/gnu tools arm embedded/5.4 2016q2/bin/../lib/gcc/arm-none-eabi/5.4.1/../../../../arm-none-eabi/lib/armv7e-m/fpu\libc.a(lib_a-vfprintf.o)
 .rodata.str1.4
                0x0800d520       0x10 c:/program files (x86)/gnu tools arm embedded/5.4 2016q2/bin/../lib/gcc/arm-none-eabi/5.4.1/../../../../arm-none-eabi/lib/armv7e-m/fpu\libc.a(lib_a-dtoa.o)
                                 0x12 (size before relaxing)
 .rodata.str1.4
                0x0800d530        0xc c:/program files (x86)/gnu tools arm embedded/5.4 2016q2/bin/../lib/gcc/arm-none-eabi/5.4.1/../../../../arm-none-eabi/lib/armv7e-m/fpu\libc.a(lib_a-locale.o)
                                 0x12 (size before relaxing)
 .rodata.p05.5398
                0x0800d53c        0xc c:/program files (x86)/gnu tools arm embedded/5.4 2016q2/bin/../lib/gcc/arm-none-eabi/5.4.1/../../../../arm-none-eabi/lib/armv7e-m/fpu\libc.a(lib_a-mprec.o)
 .rodata.__mprec_tens
                0x0800d548       0xc8 c:/program files (x86)/gnu tools arm embedded/5.4 2016q2/bin/../lib/gcc/arm-none-eabi/5.4.1/../../../../arm-none-eabi/lib/armv7e-m/fpu\libc.a(lib_a-mprec.o)
                0x0800d548                __mprec_tens
 .rodata.__mprec_bigtens
                0x0800d610       0x28 c:/program files (x86)/gnu tools arm embedded/5.4 2016q2/bin/../lib/gcc/arm-none-eabi/5.4.1/../../../../arm-none-eabi/lib/armv7e-m/fpu\libc.a(lib_a-mprec.o)
                0x0800d610                __mprec_bigtens
 *(.eh_fram e*)

.eh_frame       0x0800d638        0x0
 .eh_frame      0x0800d638        0x0 c:/program files (x86)/gnu tools arm embedded/5.4 2016q2/bin/../lib/gcc/arm-none-eabi/5.4.1/armv7e-m/fpu/crtbegin.o

.glue_7         0x0800d638        0x0
 .glue_7        0x0800d638        0x0 linker stubs

.glue_7t        0x0800d638        0x0
 .glue_7t       0x0800d638        0x0 linker stubs

.vfp11_veneer   0x0800d638        0x0
 .vfp11_veneer  0x0800d638        0x0 linker stubs

.v4_bx          0x0800d638        0x0
 .v4_bx         0x0800d638        0x0 linker stubs

.iplt           0x0800d638        0x0
 .iplt          0x0800d638        0x0 c:/program files (x86)/gnu tools arm embedded/5.4 2016q2/bin/../lib/gcc/arm-none-eabi/5.4.1/armv7e-m/fpu/crtbegin.o

.ARM.extab
 *(.ARM.extab* .gnu.linkonce.armextab.*)
                0x0800d638                __exidx_start = .

.ARM.exidx      0x0800d638        0x8
 *(.ARM.exidx* .gnu.linkonce.armexidx.*)
 .ARM.exidx     0x0800d638        0x8 c:/program files (x86)/gnu tools arm embedded/5.4 2016q2/bin/../lib/gcc/arm-none-eabi/5.4.1/armv7e-m/fpu\libgcc.a(_udivmoddi4.o)
                0x0800d640                __exidx_end = .
                0x0800d640                __etext = .
                0x0800d640                _sidata = __etext

.rel.dyn        0x0800d640        0x0
 .rel.iplt      0x0800d640        0x0 c:/program files (x86)/gnu tools arm embedded/5.4 2016q2/bin/../lib/gcc/arm-none-eabi/5.4.1/armv7e-m/fpu/crtbegin.o

.data           0x20000000      0x934 load address 0x0800d640
                0x20000000                __data_start__ = .
                0x20000000                _sdata = __data_start__
 *(vtable)
 *(.data*)
 .data          0x20000000       0x60 ..\obj\km.o
                0x20000000                Q_angleX
                0x20000008                Q_biasX
                0x20000010                R_measureX
                0x20000018                Q_angleY
                0x20000020                Q_biasY
                0x20000028                R_measureY
                0x20000030                Q_angleZ
                0x20000038                Q_biasZ
                0x20000040                R_measureZ
                0x20000048                Q_angle
                0x20000050                Q_bias
                0x20000058                R_measure
 .data          0x20000060       0x10 ..\obj\stm32f4xx_rcc.o
 .data          0x20000070       0x14 ..\obj\system_stm32f4xx.o
                0x20000070                SystemCoreClock
                0x20000074                AHBPrescTable
 .data          0x20000084        0x4 ..\obj\port.o
 .data.impure_data
                0x20000088      0x428 c:/program files (x86)/gnu tools arm embedded/5.4 2016q2/bin/../lib/gcc/arm-none-eabi/5.4.1/../../../../arm-none-eabi/lib/armv7e-m/fpu\libc.a(lib_a-impure.o)
 .data._impure_ptr
                0x200004b0        0x4 c:/program files (x86)/gnu tools arm embedded/5.4 2016q2/bin/../lib/gcc/arm-none-eabi/5.4.1/../../../../arm-none-eabi/lib/armv7e-m/fpu\libc.a(lib_a-impure.o)
                0x200004b0                _impure_ptr
 .data.lconv    0x200004b4       0x38 c:/program files (x86)/gnu tools arm embedded/5.4 2016q2/bin/../lib/gcc/arm-none-eabi/5.4.1/../../../../arm-none-eabi/lib/armv7e-m/fpu\libc.a(lib_a-locale.o)
 .data.lc_ctype_charset
                0x200004ec       0x20 c:/program files (x86)/gnu tools arm embedded/5.4 2016q2/bin/../lib/gcc/arm-none-eabi/5.4.1/../../../../arm-none-eabi/lib/armv7e-m/fpu\libc.a(lib_a-locale.o)
 .data.__mb_cur_max
                0x2000050c        0x4 c:/program files (x86)/gnu tools arm embedded/5.4 2016q2/bin/../lib/gcc/arm-none-eabi/5.4.1/../../../../arm-none-eabi/lib/armv7e-m/fpu\libc.a(lib_a-locale.o)
                0x2000050c                __mb_cur_max
 .data.__malloc_av_
                0x20000510      0x408 c:/program files (x86)/gnu tools arm embedded/5.4 2016q2/bin/../lib/gcc/arm-none-eabi/5.4.1/../../../../arm-none-eabi/lib/armv7e-m/fpu\libc.a(lib_a-mallocr.o)
                0x20000510                __malloc_av_
 .data.__malloc_trim_threshold
                0x20000918        0x4 c:/program files (x86)/gnu tools arm embedded/5.4 2016q2/bin/../lib/gcc/arm-none-eabi/5.4.1/../../../../arm-none-eabi/lib/armv7e-m/fpu\libc.a(lib_a-mallocr.o)
                0x20000918                __malloc_trim_threshold
 .data.__malloc_sbrk_base
                0x2000091c        0x4 c:/program files (x86)/gnu tools arm embedded/5.4 2016q2/bin/../lib/gcc/arm-none-eabi/5.4.1/../../../../arm-none-eabi/lib/armv7e-m/fpu\libc.a(lib_a-mallocr.o)
                0x2000091c                __malloc_sbrk_base
 .data.__wctomb
                0x20000920        0x4 c:/program files (x86)/gnu tools arm embedded/5.4 2016q2/bin/../lib/gcc/arm-none-eabi/5.4.1/../../../../arm-none-eabi/lib/armv7e-m/fpu\libc.a(lib_a-wctomb_r.o)
                0x20000920                __wctomb
                0x20000924                . = ALIGN (0x4)
                0x20000924                PROVIDE (__preinit_array_start, .)
 *(.preinit_array)
                0x20000924                PROVIDE (__preinit_array_end, .)
                0x20000924                . = ALIGN (0x4)
                0x20000924                PROVIDE (__init_array_start, .)
 *(SORT(.init_array.*))
 .init_array.00000
                0x20000924        0x4 c:/program files (x86)/gnu tools arm embedded/5.4 2016q2/bin/../lib/gcc/arm-none-eabi/5.4.1/../../../../arm-none-eabi/lib/armv7e-m/fpu\libc.a(lib_a-__call_atexit.o)
 *(.init_array)
 .init_array    0x20000928        0x4 c:/program files (x86)/gnu tools arm embedded/5.4 2016q2/bin/../lib/gcc/arm-none-eabi/5.4.1/armv7e-m/fpu/crtbegin.o
                0x2000092c                PROVIDE (__init_array_end, .)
                0x2000092c                . = ALIGN (0x4)
                0x2000092c                PROVIDE (__fini_array_start, .)
 *(SORT(.fini_array.*))
 *(.fini_array)
 .fini_array    0x2000092c        0x4 c:/program files (x86)/gnu tools arm embedded/5.4 2016q2/bin/../lib/gcc/arm-none-eabi/5.4.1/armv7e-m/fpu/crtbegin.o
                0x20000930                PROVIDE (__fini_array_end, .)
 *(.jcr*)
 .jcr           0x20000930        0x0 c:/program files (x86)/gnu tools arm embedded/5.4 2016q2/bin/../lib/gcc/arm-none-eabi/5.4.1/armv7e-m/fpu/crtbegin.o
 .jcr           0x20000930        0x4 c:/program files (x86)/gnu tools arm embedded/5.4 2016q2/bin/../lib/gcc/arm-none-eabi/5.4.1/armv7e-m/fpu/crtend.o
                0x20000934                . = ALIGN (0x4)
                0x20000934                __data_end__ = .
                0x20000934                _edata = __data_end__

.igot.plt       0x20000934        0x0 load address 0x0800df74
 .igot.plt      0x20000934        0x0 c:/program files (x86)/gnu tools arm embedded/5.4 2016q2/bin/../lib/gcc/arm-none-eabi/5.4.1/armv7e-m/fpu/crtbegin.o

.bss            0x20000938    0x12f68 load address 0x0800df78
                0x20000938                . = ALIGN (0x4)
                0x20000938                __bss_start__ = .
                0x20000938                _sbss = __bss_start__
 *(.bss*)
 .bss           0x20000938       0x1c c:/program files (x86)/gnu tools arm embedded/5.4 2016q2/bin/../lib/gcc/arm-none-eabi/5.4.1/armv7e-m/fpu/crtbegin.o
 *fill*         0x20000954        0x4 
 .bss           0x20000958      0x110 ..\obj\km.o
                0x20000958                angleX
                0x20000960                angleY
                0x20000968                angleZ
                0x20000970                biasX
                0x20000978                biasY
                0x20000980                biasZ
                0x20000988                rateX
                0x20000990                rateY
                0x20000998                rateZ
                0x200009a0                rate
                0x200009a8                PX
                0x200009c8                PY
                0x200009e8                PZ
                0x20000a08                KX
                0x20000a18                KY
                0x20000a28                KZ
                0x20000a38                yX
                0x20000a40                yY
                0x20000a48                yZ
                0x20000a50                SX
                0x20000a58                SY
                0x20000a60                SZ
 .bss           0x20000a68        0x8 ..\obj\hmc5883l.o
 .bss           0x20000a70        0x4 ..\obj\main.o
                0x20000a70                test_queu
 .bss           0x20000a74       0x3c ..\obj\timers.o
 .bss           0x20000ab0      0x13c ..\obj\tasks.o
                0x20000ab0                pxCurrentTCB
 .bss           0x20000bec        0x4 ..\obj\syscalls.o
 .bss           0x20000bf0        0x8 ..\obj\port.o
 .bss           0x20000bf8    0x12c08 ..\obj\heap_1.o
 .bss           0x20013800       0x1c ..\obj\usart.o
 .bss.__malloc_max_total_mem
                0x2001381c        0x4 c:/program files (x86)/gnu tools arm embedded/5.4 2016q2/bin/../lib/gcc/arm-none-eabi/5.4.1/../../../../arm-none-eabi/lib/armv7e-m/fpu\libc.a(lib_a-mallocr.o)
                0x2001381c                __malloc_max_total_mem
 .bss.__malloc_max_sbrked_mem
                0x20013820        0x4 c:/program files (x86)/gnu tools arm embedded/5.4 2016q2/bin/../lib/gcc/arm-none-eabi/5.4.1/../../../../arm-none-eabi/lib/armv7e-m/fpu\libc.a(lib_a-mallocr.o)
                0x20013820                __malloc_max_sbrked_mem
 .bss.__malloc_top_pad
                0x20013824        0x4 c:/program files (x86)/gnu tools arm embedded/5.4 2016q2/bin/../lib/gcc/arm-none-eabi/5.4.1/../../../../arm-none-eabi/lib/armv7e-m/fpu\libc.a(lib_a-mallocr.o)
                0x20013824                __malloc_top_pad
 .bss.__malloc_current_mallinfo
                0x20013828       0x28 c:/program files (x86)/gnu tools arm embedded/5.4 2016q2/bin/../lib/gcc/arm-none-eabi/5.4.1/../../../../arm-none-eabi/lib/armv7e-m/fpu\libc.a(lib_a-mallocr.o)
                0x20013828                __malloc_current_mallinfo
 *(COMMON)
 COMMON         0x20013850        0xc ..\obj\main.o
                0x20013850                test_pin1
                0x20013854                test_pin
                0x20013858                debug_port
 COMMON         0x2001385c       0x40 ..\obj\queue.o
                0x2001385c                xQueueRegistry
 COMMON         0x2001389c        0x4 c:/program files (x86)/gnu tools arm embedded/5.4 2016q2/bin/../lib/gcc/arm-none-eabi/5.4.1/../../../../arm-none-eabi/lib/armv7e-m/fpu\libc.a(lib_a-reent.o)
                0x2001389c                errno
                0x200138a0                . = ALIGN (0x4)
                0x200138a0                __bss_end__ = .
                0x200138a0                _ebss = __bss_end__

.heap           0x200138a0        0x0
                0x200138a0                __end__ = .
                0x200138a0                _end = __end__
                0x200138a0                end = __end__
 *(.heap*)
                0x200138a0                __HeapLimit = .

.co_stack       0x200138a0      0x800 load address 0x08020ee0
                0x200138a0                . = ALIGN (0x8)
 *(.co_stack .co_stack.*)
 .co_stack      0x200138a0      0x800 ..\obj\startup_stm32f4xx.o
                0x200138a0                pulStack
                0x20030000                __StackTop = (ORIGIN (ram) + LENGTH (ram))
                0x2002f800                __StackLimit = (__StackTop - SIZEOF (.co_stack))
                0x20030000                PROVIDE (__stack, __StackTop)
                0x00000001                ASSERT ((__StackLimit >= __HeapLimit), region ram  overflowed with stack)
LOAD ..\obj\i2c.o
LOAD ..\obj\km.o
LOAD ..\obj\hmc5883l.o
LOAD ..\obj\utility.o
LOAD ..\obj\stm32f4xx_usart.o
LOAD ..\obj\startup_stm32f4xx.o
LOAD ..\obj\stm32f4xx_crc.o
LOAD ..\obj\main.o
LOAD ..\obj\stm32f4xx_rcc.o
LOAD ..\obj\stm32f4xx_it.o
LOAD ..\obj\timers.o
LOAD ..\obj\gpio.o
LOAD ..\obj\tasks.o
LOAD ..\obj\crc.o
LOAD ..\obj\stm32f4xx_gpio.o
LOAD ..\obj\mpu.o
LOAD ..\obj\list.o
LOAD ..\obj\system_stm32f4xx.o
LOAD ..\obj\syscalls.o
LOAD ..\obj\port.o
LOAD ..\obj\queue.o
LOAD ..\obj\croutine.o
LOAD ..\obj\stm32f4xx_spi.o
LOAD ..\obj\event_groups.o
LOAD ..\obj\stm32f4xx_i2c.o
LOAD ..\obj\heap_1.o
LOAD ..\obj\usart.o
LOAD c:/program files (x86)/gnu tools arm embedded/5.4 2016q2/bin/../lib/gcc/arm-none-eabi/5.4.1/../../../../arm-none-eabi/lib/armv7e-m/fpu\libm.a
LOAD c:/program files (x86)/gnu tools arm embedded/5.4 2016q2/bin/../lib/gcc/arm-none-eabi/5.4.1/armv7e-m/fpu\libgcc.a
LOAD c:/program files (x86)/gnu tools arm embedded/5.4 2016q2/bin/../lib/gcc/arm-none-eabi/5.4.1/../../../../arm-none-eabi/lib/armv7e-m/fpu\libc.a
START GROUP
LOAD c:/program files (x86)/gnu tools arm embedded/5.4 2016q2/bin/../lib/gcc/arm-none-eabi/5.4.1/armv7e-m/fpu\libgcc.a
LOAD c:/program files (x86)/gnu tools arm embedded/5.4 2016q2/bin/../lib/gcc/arm-none-eabi/5.4.1/../../../../arm-none-eabi/lib/armv7e-m/fpu\libg.a
LOAD c:/program files (x86)/gnu tools arm embedded/5.4 2016q2/bin/../lib/gcc/arm-none-eabi/5.4.1/../../../../arm-none-eabi/lib/armv7e-m/fpu\libc.a
END GROUP
LOAD c:/program files (x86)/gnu tools arm embedded/5.4 2016q2/bin/../lib/gcc/arm-none-eabi/5.4.1/armv7e-m/fpu/crtend.o
LOAD c:/program files (x86)/gnu tools arm embedded/5.4 2016q2/bin/../lib/gcc/arm-none-eabi/5.4.1/armv7e-m/fpu/crtn.o
OUTPUT(dgblb.elf elf32-littlearm)

.ARM.attributes
                0x00000000       0x30
 .ARM.attributes
                0x00000000       0x22 c:/program files (x86)/gnu tools arm embedded/5.4 2016q2/bin/../lib/gcc/arm-none-eabi/5.4.1/armv7e-m/fpu/crti.o
 .ARM.attributes
                0x00000022       0x34 c:/program files (x86)/gnu tools arm embedded/5.4 2016q2/bin/../lib/gcc/arm-none-eabi/5.4.1/armv7e-m/fpu/crtbegin.o
 .ARM.attributes
                0x00000056       0x39 ..\obj\i2c.o
 .ARM.attributes
                0x0000008f       0x39 ..\obj\km.o
 .ARM.attributes
                0x000000c8       0x39 ..\obj\hmc5883l.o
 .ARM.attributes
                0x00000101       0x39 ..\obj\stm32f4xx_usart.o
 .ARM.attributes
                0x0000013a       0x39 ..\obj\startup_stm32f4xx.o
 .ARM.attributes
                0x00000173       0x39 ..\obj\main.o
 .ARM.attributes
                0x000001ac       0x39 ..\obj\stm32f4xx_rcc.o
 .ARM.attributes
                0x000001e5       0x39 ..\obj\stm32f4xx_it.o
 .ARM.attributes
                0x0000021e       0x39 ..\obj\timers.o
 .ARM.attributes
                0x00000257       0x39 ..\obj\gpio.o
 .ARM.attributes
                0x00000290       0x39 ..\obj\tasks.o
 .ARM.attributes
                0x000002c9       0x39 ..\obj\stm32f4xx_gpio.o
 .ARM.attributes
                0x00000302       0x39 ..\obj\mpu.o
 .ARM.attributes
                0x0000033b       0x39 ..\obj\list.o
 .ARM.attributes
                0x00000374       0x39 ..\obj\system_stm32f4xx.o
 .ARM.attributes
                0x000003ad       0x39 ..\obj\syscalls.o
 .ARM.attributes
                0x000003e6       0x39 ..\obj\port.o
 .ARM.attributes
                0x0000041f       0x39 ..\obj\queue.o
 .ARM.attributes
                0x00000458       0x39 ..\obj\stm32f4xx_i2c.o
 .ARM.attributes
                0x00000491       0x39 ..\obj\heap_1.o
 .ARM.attributes
                0x000004ca       0x39 ..\obj\usart.o
 .ARM.attributes
                0x00000503       0x34 c:/program files (x86)/gnu tools arm embedded/5.4 2016q2/bin/../lib/gcc/arm-none-eabi/5.4.1/../../../../arm-none-eabi/lib/armv7e-m/fpu\libm.a(lib_a-s_cos.o)
 .ARM.attributes
                0x00000537       0x34 c:/program files (x86)/gnu tools arm embedded/5.4 2016q2/bin/../lib/gcc/arm-none-eabi/5.4.1/../../../../arm-none-eabi/lib/armv7e-m/fpu\libm.a(lib_a-s_sin.o)
 .ARM.attributes
                0x0000056b       0x34 c:/program files (x86)/gnu tools arm embedded/5.4 2016q2/bin/../lib/gcc/arm-none-eabi/5.4.1/../../../../arm-none-eabi/lib/armv7e-m/fpu\libm.a(lib_a-w_atan2.o)
 .ARM.attributes
                0x0000059f       0x34 c:/program files (x86)/gnu tools arm embedded/5.4 2016q2/bin/../lib/gcc/arm-none-eabi/5.4.1/../../../../arm-none-eabi/lib/armv7e-m/fpu\libm.a(lib_a-e_atan2.o)
 .ARM.attributes
                0x000005d3       0x34 c:/program files (x86)/gnu tools arm embedded/5.4 2016q2/bin/../lib/gcc/arm-none-eabi/5.4.1/../../../../arm-none-eabi/lib/armv7e-m/fpu\libm.a(lib_a-e_rem_pio2.o)
 .ARM.attributes
                0x00000607       0x34 c:/program files (x86)/gnu tools arm embedded/5.4 2016q2/bin/../lib/gcc/arm-none-eabi/5.4.1/../../../../arm-none-eabi/lib/armv7e-m/fpu\libm.a(lib_a-k_cos.o)
 .ARM.attributes
                0x0000063b       0x34 c:/program files (x86)/gnu tools arm embedded/5.4 2016q2/bin/../lib/gcc/arm-none-eabi/5.4.1/../../../../arm-none-eabi/lib/armv7e-m/fpu\libm.a(lib_a-k_rem_pio2.o)
 .ARM.attributes
                0x0000066f       0x34 c:/program files (x86)/gnu tools arm embedded/5.4 2016q2/bin/../lib/gcc/arm-none-eabi/5.4.1/../../../../arm-none-eabi/lib/armv7e-m/fpu\libm.a(lib_a-k_sin.o)
 .ARM.attributes
                0x000006a3       0x34 c:/program files (x86)/gnu tools arm embedded/5.4 2016q2/bin/../lib/gcc/arm-none-eabi/5.4.1/../../../../arm-none-eabi/lib/armv7e-m/fpu\libm.a(lib_a-s_atan.o)
 .ARM.attributes
                0x000006d7       0x34 c:/program files (x86)/gnu tools arm embedded/5.4 2016q2/bin/../lib/gcc/arm-none-eabi/5.4.1/../../../../arm-none-eabi/lib/armv7e-m/fpu\libm.a(lib_a-s_fabs.o)
 .ARM.attributes
                0x0000070b       0x34 c:/program files (x86)/gnu tools arm embedded/5.4 2016q2/bin/../lib/gcc/arm-none-eabi/5.4.1/../../../../arm-none-eabi/lib/armv7e-m/fpu\libm.a(lib_a-s_floor.o)
 .ARM.attributes
                0x0000073f       0x34 c:/program files (x86)/gnu tools arm embedded/5.4 2016q2/bin/../lib/gcc/arm-none-eabi/5.4.1/../../../../arm-none-eabi/lib/armv7e-m/fpu\libm.a(lib_a-s_scalbn.o)
 .ARM.attributes
                0x00000773       0x34 c:/program files (x86)/gnu tools arm embedded/5.4 2016q2/bin/../lib/gcc/arm-none-eabi/5.4.1/../../../../arm-none-eabi/lib/armv7e-m/fpu\libm.a(lib_a-s_copysign.o)
 .ARM.attributes
                0x000007a7       0x22 c:/program files (x86)/gnu tools arm embedded/5.4 2016q2/bin/../lib/gcc/arm-none-eabi/5.4.1/armv7e-m/fpu\libgcc.a(_arm_addsubdf3.o)
 .ARM.attributes
                0x000007c9       0x22 c:/program files (x86)/gnu tools arm embedded/5.4 2016q2/bin/../lib/gcc/arm-none-eabi/5.4.1/armv7e-m/fpu\libgcc.a(_arm_muldivdf3.o)
 .ARM.attributes
                0x000007eb       0x22 c:/program files (x86)/gnu tools arm embedded/5.4 2016q2/bin/../lib/gcc/arm-none-eabi/5.4.1/armv7e-m/fpu\libgcc.a(_arm_cmpdf2.o)
 .ARM.attributes
                0x0000080d       0x22 c:/program files (x86)/gnu tools arm embedded/5.4 2016q2/bin/../lib/gcc/arm-none-eabi/5.4.1/armv7e-m/fpu\libgcc.a(_arm_fixdfsi.o)
 .ARM.attributes
                0x0000082f       0x22 c:/program files (x86)/gnu tools arm embedded/5.4 2016q2/bin/../lib/gcc/arm-none-eabi/5.4.1/armv7e-m/fpu\libgcc.a(_arm_truncdfsf2.o)
 .ARM.attributes
                0x00000851       0x34 c:/program files (x86)/gnu tools arm embedded/5.4 2016q2/bin/../lib/gcc/arm-none-eabi/5.4.1/../../../../arm-none-eabi/lib/armv7e-m/fpu\libc.a(lib_a-impure.o)
 .ARM.attributes
                0x00000885       0x20 c:/program files (x86)/gnu tools arm embedded/5.4 2016q2/bin/../lib/gcc/arm-none-eabi/5.4.1/../../../../arm-none-eabi/lib/armv7e-m/fpu\libc.a(lib_a-memcpy.o)
 .ARM.attributes
                0x000008a5       0x34 c:/program files (x86)/gnu tools arm embedded/5.4 2016q2/bin/../lib/gcc/arm-none-eabi/5.4.1/../../../../arm-none-eabi/lib/armv7e-m/fpu\libc.a(lib_a-memset.o)
 .ARM.attributes
                0x000008d9       0x34 c:/program files (x86)/gnu tools arm embedded/5.4 2016q2/bin/../lib/gcc/arm-none-eabi/5.4.1/../../../../arm-none-eabi/lib/armv7e-m/fpu\libc.a(lib_a-printf.o)
 .ARM.attributes
                0x0000090d       0x34 c:/program files (x86)/gnu tools arm embedded/5.4 2016q2/bin/../lib/gcc/arm-none-eabi/5.4.1/../../../../arm-none-eabi/lib/armv7e-m/fpu\libc.a(lib_a-puts.o)
 .ARM.attributes
                0x00000941       0x20 c:/program files (x86)/gnu tools arm embedded/5.4 2016q2/bin/../lib/gcc/arm-none-eabi/5.4.1/../../../../arm-none-eabi/lib/armv7e-m/fpu\libc.a(lib_a-strlen.o)
 .ARM.attributes
                0x00000961       0x34 c:/program files (x86)/gnu tools arm embedded/5.4 2016q2/bin/../lib/gcc/arm-none-eabi/5.4.1/../../../../arm-none-eabi/lib/armv7e-m/fpu\libc.a(lib_a-vfprintf.o)
 .ARM.attributes
                0x00000995       0x34 c:/program files (x86)/gnu tools arm embedded/5.4 2016q2/bin/../lib/gcc/arm-none-eabi/5.4.1/../../../../arm-none-eabi/lib/armv7e-m/fpu\libc.a(lib_a-wsetup.o)
 .ARM.attributes
                0x000009c9       0x34 c:/program files (x86)/gnu tools arm embedded/5.4 2016q2/bin/../lib/gcc/arm-none-eabi/5.4.1/../../../../arm-none-eabi/lib/armv7e-m/fpu\libc.a(lib_a-__call_atexit.o)
 .ARM.attributes
                0x000009fd       0x34 c:/program files (x86)/gnu tools arm embedded/5.4 2016q2/bin/../lib/gcc/arm-none-eabi/5.4.1/../../../../arm-none-eabi/lib/armv7e-m/fpu\libc.a(lib_a-atexit.o)
 .ARM.attributes
                0x00000a31       0x34 c:/program files (x86)/gnu tools arm embedded/5.4 2016q2/bin/../lib/gcc/arm-none-eabi/5.4.1/../../../../arm-none-eabi/lib/armv7e-m/fpu\libc.a(lib_a-dtoa.o)
 .ARM.attributes
                0x00000a65       0x34 c:/program files (x86)/gnu tools arm embedded/5.4 2016q2/bin/../lib/gcc/arm-none-eabi/5.4.1/../../../../arm-none-eabi/lib/armv7e-m/fpu\libc.a(lib_a-fflush.o)
 .ARM.attributes
                0x00000a99       0x34 c:/program files (x86)/gnu tools arm embedded/5.4 2016q2/bin/../lib/gcc/arm-none-eabi/5.4.1/../../../../arm-none-eabi/lib/armv7e-m/fpu\libc.a(lib_a-findfp.o)
 .ARM.attributes
                0x00000acd       0x34 c:/program files (x86)/gnu tools arm embedded/5.4 2016q2/bin/../lib/gcc/arm-none-eabi/5.4.1/../../../../arm-none-eabi/lib/armv7e-m/fpu\libc.a(lib_a-fini.o)
 .ARM.attributes
                0x00000b01       0x34 c:/program files (x86)/gnu tools arm embedded/5.4 2016q2/bin/../lib/gcc/arm-none-eabi/5.4.1/../../../../arm-none-eabi/lib/armv7e-m/fpu\libc.a(lib_a-freer.o)
 .ARM.attributes
                0x00000b35       0x34 c:/program files (x86)/gnu tools arm embedded/5.4 2016q2/bin/../lib/gcc/arm-none-eabi/5.4.1/../../../../arm-none-eabi/lib/armv7e-m/fpu\libc.a(lib_a-fvwrite.o)
 .ARM.attributes
                0x00000b69       0x34 c:/program files (x86)/gnu tools arm embedded/5.4 2016q2/bin/../lib/gcc/arm-none-eabi/5.4.1/../../../../arm-none-eabi/lib/armv7e-m/fpu\libc.a(lib_a-fwalk.o)
 .ARM.attributes
                0x00000b9d       0x34 c:/program files (x86)/gnu tools arm embedded/5.4 2016q2/bin/../lib/gcc/arm-none-eabi/5.4.1/../../../../arm-none-eabi/lib/armv7e-m/fpu\libc.a(lib_a-locale.o)
 .ARM.attributes
                0x00000bd1       0x34 c:/program files (x86)/gnu tools arm embedded/5.4 2016q2/bin/../lib/gcc/arm-none-eabi/5.4.1/../../../../arm-none-eabi/lib/armv7e-m/fpu\libc.a(lib_a-makebuf.o)
 .ARM.attributes
                0x00000c05       0x34 c:/program files (x86)/gnu tools arm embedded/5.4 2016q2/bin/../lib/gcc/arm-none-eabi/5.4.1/../../../../arm-none-eabi/lib/armv7e-m/fpu\libc.a(lib_a-mallocr.o)
 .ARM.attributes
                0x00000c39       0x20 c:/program files (x86)/gnu tools arm embedded/5.4 2016q2/bin/../lib/gcc/arm-none-eabi/5.4.1/../../../../arm-none-eabi/lib/armv7e-m/fpu\libc.a(lib_a-memchr.o)
 .ARM.attributes
                0x00000c59       0x34 c:/program files (x86)/gnu tools arm embedded/5.4 2016q2/bin/../lib/gcc/arm-none-eabi/5.4.1/../../../../arm-none-eabi/lib/armv7e-m/fpu\libc.a(lib_a-memmove.o)
 .ARM.attributes
                0x00000c8d       0x34 c:/program files (x86)/gnu tools arm embedded/5.4 2016q2/bin/../lib/gcc/arm-none-eabi/5.4.1/../../../../arm-none-eabi/lib/armv7e-m/fpu\libc.a(lib_a-mlock.o)
 .ARM.attributes
                0x00000cc1       0x34 c:/program files (x86)/gnu tools arm embedded/5.4 2016q2/bin/../lib/gcc/arm-none-eabi/5.4.1/../../../../arm-none-eabi/lib/armv7e-m/fpu\libc.a(lib_a-mprec.o)
 .ARM.attributes
                0x00000cf5       0x34 c:/program files (x86)/gnu tools arm embedded/5.4 2016q2/bin/../lib/gcc/arm-none-eabi/5.4.1/../../../../arm-none-eabi/lib/armv7e-m/fpu\libc.a(lib_a-reallocr.o)
 .ARM.attributes
                0x00000d29       0x34 c:/program files (x86)/gnu tools arm embedded/5.4 2016q2/bin/../lib/gcc/arm-none-eabi/5.4.1/../../../../arm-none-eabi/lib/armv7e-m/fpu\libc.a(lib_a-sbrkr.o)
 .ARM.attributes
                0x00000d5d       0x34 c:/program files (x86)/gnu tools arm embedded/5.4 2016q2/bin/../lib/gcc/arm-none-eabi/5.4.1/../../../../arm-none-eabi/lib/armv7e-m/fpu\libc.a(lib_a-stdio.o)
 .ARM.attributes
                0x00000d91       0x34 c:/program files (x86)/gnu tools arm embedded/5.4 2016q2/bin/../lib/gcc/arm-none-eabi/5.4.1/../../../../arm-none-eabi/lib/armv7e-m/fpu\libc.a(lib_a-vfiprintf.o)
 .ARM.attributes
                0x00000dc5       0x34 c:/program files (x86)/gnu tools arm embedded/5.4 2016q2/bin/../lib/gcc/arm-none-eabi/5.4.1/../../../../arm-none-eabi/lib/armv7e-m/fpu\libc.a(lib_a-writer.o)
 .ARM.attributes
                0x00000df9       0x34 c:/program files (x86)/gnu tools arm embedded/5.4 2016q2/bin/../lib/gcc/arm-none-eabi/5.4.1/../../../../arm-none-eabi/lib/armv7e-m/fpu\libc.a(lib_a-__atexit.o)
 .ARM.attributes
                0x00000e2d       0x34 c:/program files (x86)/gnu tools arm embedded/5.4 2016q2/bin/../lib/gcc/arm-none-eabi/5.4.1/../../../../arm-none-eabi/lib/armv7e-m/fpu\libc.a(lib_a-callocr.o)
 .ARM.attributes
                0x00000e61       0x34 c:/program files (x86)/gnu tools arm embedded/5.4 2016q2/bin/../lib/gcc/arm-none-eabi/5.4.1/../../../../arm-none-eabi/lib/armv7e-m/fpu\libc.a(lib_a-closer.o)
 .ARM.attributes
                0x00000e95       0x34 c:/program files (x86)/gnu tools arm embedded/5.4 2016q2/bin/../lib/gcc/arm-none-eabi/5.4.1/../../../../arm-none-eabi/lib/armv7e-m/fpu\libc.a(lib_a-fclose.o)
 .ARM.attributes
                0x00000ec9       0x34 c:/program files (x86)/gnu tools arm embedded/5.4 2016q2/bin/../lib/gcc/arm-none-eabi/5.4.1/../../../../arm-none-eabi/lib/armv7e-m/fpu\libc.a(lib_a-fputwc.o)
 .ARM.attributes
                0x00000efd       0x34 c:/program files (x86)/gnu tools arm embedded/5.4 2016q2/bin/../lib/gcc/arm-none-eabi/5.4.1/../../../../arm-none-eabi/lib/armv7e-m/fpu\libc.a(lib_a-fstatr.o)
 .ARM.attributes
                0x00000f31       0x34 c:/program files (x86)/gnu tools arm embedded/5.4 2016q2/bin/../lib/gcc/arm-none-eabi/5.4.1/../../../../arm-none-eabi/lib/armv7e-m/fpu\libc.a(lib_a-isattyr.o)
 .ARM.attributes
                0x00000f65       0x34 c:/program files (x86)/gnu tools arm embedded/5.4 2016q2/bin/../lib/gcc/arm-none-eabi/5.4.1/../../../../arm-none-eabi/lib/armv7e-m/fpu\libc.a(lib_a-lseekr.o)
 .ARM.attributes
                0x00000f99       0x34 c:/program files (x86)/gnu tools arm embedded/5.4 2016q2/bin/../lib/gcc/arm-none-eabi/5.4.1/../../../../arm-none-eabi/lib/armv7e-m/fpu\libc.a(lib_a-readr.o)
 .ARM.attributes
                0x00000fcd       0x34 c:/program files (x86)/gnu tools arm embedded/5.4 2016q2/bin/../lib/gcc/arm-none-eabi/5.4.1/../../../../arm-none-eabi/lib/armv7e-m/fpu\libc.a(lib_a-reent.o)
 .ARM.attributes
                0x00001001       0x34 c:/program files (x86)/gnu tools arm embedded/5.4 2016q2/bin/../lib/gcc/arm-none-eabi/5.4.1/../../../../arm-none-eabi/lib/armv7e-m/fpu\libc.a(lib_a-wbuf.o)
 .ARM.attributes
                0x00001035       0x34 c:/program files (x86)/gnu tools arm embedded/5.4 2016q2/bin/../lib/gcc/arm-none-eabi/5.4.1/../../../../arm-none-eabi/lib/armv7e-m/fpu\libc.a(lib_a-wcrtomb.o)
 .ARM.attributes
                0x00001069       0x34 c:/program files (x86)/gnu tools arm embedded/5.4 2016q2/bin/../lib/gcc/arm-none-eabi/5.4.1/../../../../arm-none-eabi/lib/armv7e-m/fpu\libc.a(lib_a-wctomb_r.o)
 .ARM.attributes
                0x0000109d       0x22 c:/program files (x86)/gnu tools arm embedded/5.4 2016q2/bin/../lib/gcc/arm-none-eabi/5.4.1/armv7e-m/fpu\libgcc.a(_arm_unorddf2.o)
 .ARM.attributes
                0x000010bf       0x22 c:/program files (x86)/gnu tools arm embedded/5.4 2016q2/bin/../lib/gcc/arm-none-eabi/5.4.1/armv7e-m/fpu\libgcc.a(_aeabi_uldivmod.o)
 .ARM.attributes
                0x000010e1       0x34 c:/program files (x86)/gnu tools arm embedded/5.4 2016q2/bin/../lib/gcc/arm-none-eabi/5.4.1/armv7e-m/fpu\libgcc.a(_udivmoddi4.o)
 .ARM.attributes
                0x00001115       0x22 c:/program files (x86)/gnu tools arm embedded/5.4 2016q2/bin/../lib/gcc/arm-none-eabi/5.4.1/armv7e-m/fpu\libgcc.a(_dvmd_tls.o)
 .ARM.attributes
                0x00001137       0x34 c:/program files (x86)/gnu tools arm embedded/5.4 2016q2/bin/../lib/gcc/arm-none-eabi/5.4.1/armv7e-m/fpu/crtend.o
 .ARM.attributes
                0x0000116b       0x22 c:/program files (x86)/gnu tools arm embedded/5.4 2016q2/bin/../lib/gcc/arm-none-eabi/5.4.1/armv7e-m/fpu/crtn.o

.comment        0x00000000       0x6e
 .comment       0x00000000       0x6e ..\obj\i2c.o
                                 0x6f (size before relaxing)
 .comment       0x0000006e       0x6f ..\obj\km.o
 .comment       0x0000006e       0x6f ..\obj\hmc5883l.o
 .comment       0x0000006e       0x6f ..\obj\stm32f4xx_usart.o
 .comment       0x0000006e       0x6f ..\obj\startup_stm32f4xx.o
 .comment       0x0000006e       0x6f ..\obj\main.o
 .comment       0x0000006e       0x6f ..\obj\stm32f4xx_rcc.o
 .comment       0x0000006e       0x6f ..\obj\stm32f4xx_it.o
 .comment       0x0000006e       0x6f ..\obj\timers.o
 .comment       0x0000006e       0x6f ..\obj\gpio.o
 .comment       0x0000006e       0x6f ..\obj\tasks.o
 .comment       0x0000006e       0x6f ..\obj\stm32f4xx_gpio.o
 .comment       0x0000006e       0x6f ..\obj\mpu.o
 .comment       0x0000006e       0x6f ..\obj\list.o
 .comment       0x0000006e       0x6f ..\obj\system_stm32f4xx.o
 .comment       0x0000006e       0x6f ..\obj\syscalls.o
 .comment       0x0000006e       0x6f ..\obj\port.o
 .comment       0x0000006e       0x6f ..\obj\queue.o
 .comment       0x0000006e       0x6f ..\obj\stm32f4xx_i2c.o
 .comment       0x0000006e       0x6f ..\obj\heap_1.o
 .comment       0x0000006e       0x6f ..\obj\usart.o

.debug_info     0x00000000     0x9a17
 .debug_info    0x00000000      0x58d ..\obj\i2c.o
 .debug_info    0x0000058d      0x481 ..\obj\km.o
 .debug_info    0x00000a0e      0x1f3 ..\obj\hmc5883l.o
 .debug_info    0x00000c01      0x9ca ..\obj\stm32f4xx_usart.o
 .debug_info    0x000015cb       0xf2 ..\obj\startup_stm32f4xx.o
 .debug_info    0x000016bd      0x708 ..\obj\main.o
 .debug_info    0x00001dc5      0xc63 ..\obj\stm32f4xx_rcc.o
 .debug_info    0x00002a28      0x11e ..\obj\stm32f4xx_it.o
 .debug_info    0x00002b46      0xb56 ..\obj\timers.o
 .debug_info    0x0000369c      0x62a ..\obj\gpio.o
 .debug_info    0x00003cc6     0x147c ..\obj\tasks.o
 .debug_info    0x00005142      0x61a ..\obj\stm32f4xx_gpio.o
 .debug_info    0x0000575c      0x362 ..\obj\mpu.o
 .debug_info    0x00005abe      0x2a0 ..\obj\list.o
 .debug_info    0x00005d5e      0x5c5 ..\obj\system_stm32f4xx.o
 .debug_info    0x00006323      0x47b ..\obj\syscalls.o
 .debug_info    0x0000679e      0x506 ..\obj\port.o
 .debug_info    0x00006ca4     0x116d ..\obj\queue.o
 .debug_info    0x00007e11      0xb00 ..\obj\stm32f4xx_i2c.o
 .debug_info    0x00008911      0x1bb ..\obj\heap_1.o
 .debug_info    0x00008acc      0xf4b ..\obj\usart.o

.debug_abbrev   0x00000000     0x1d56
 .debug_abbrev  0x00000000      0x176 ..\obj\i2c.o
 .debug_abbrev  0x00000176       0xbd ..\obj\km.o
 .debug_abbrev  0x00000233       0xbe ..\obj\hmc5883l.o
 .debug_abbrev  0x000002f1      0x157 ..\obj\stm32f4xx_usart.o
 .debug_abbrev  0x00000448       0xb0 ..\obj\startup_stm32f4xx.o
 .debug_abbrev  0x000004f8      0x1b7 ..\obj\main.o
 .debug_abbrev  0x000006af      0x1e5 ..\obj\stm32f4xx_rcc.o
 .debug_abbrev  0x00000894       0x65 ..\obj\stm32f4xx_it.o
 .debug_abbrev  0x000008f9      0x1d4 ..\obj\timers.o
 .debug_abbrev  0x00000acd      0x172 ..\obj\gpio.o
 .debug_abbrev  0x00000c3f      0x28f ..\obj\tasks.o
 .debug_abbrev  0x00000ece      0x1a7 ..\obj\stm32f4xx_gpio.o
 .debug_abbrev  0x00001075       0xd6 ..\obj\mpu.o
 .debug_abbrev  0x0000114b       0xbc ..\obj\list.o
 .debug_abbrev  0x00001207      0x138 ..\obj\system_stm32f4xx.o
 .debug_abbrev  0x0000133f      0x131 ..\obj\syscalls.o
 .debug_abbrev  0x00001470      0x1ca ..\obj\port.o
 .debug_abbrev  0x0000163a      0x222 ..\obj\queue.o
 .debug_abbrev  0x0000185c      0x166 ..\obj\stm32f4xx_i2c.o
 .debug_abbrev  0x000019c2      0x12b ..\obj\heap_1.o
 .debug_abbrev  0x00001aed      0x269 ..\obj\usart.o

.debug_aranges  0x00000000      0xb80
 .debug_aranges
                0x00000000       0x40 ..\obj\i2c.o
 .debug_aranges
                0x00000040       0x80 ..\obj\km.o
 .debug_aranges
                0x000000c0       0x30 ..\obj\hmc5883l.o
 .debug_aranges
                0x000000f0      0x100 ..\obj\stm32f4xx_usart.o
 .debug_aranges
                0x000001f0       0x28 ..\obj\startup_stm32f4xx.o
 .debug_aranges
                0x00000218       0x50 ..\obj\main.o
 .debug_aranges
                0x00000268      0x178 ..\obj\stm32f4xx_rcc.o
 .debug_aranges
                0x000003e0       0x58 ..\obj\stm32f4xx_it.o
 .debug_aranges
                0x00000438       0xb8 ..\obj\timers.o
 .debug_aranges
                0x000004f0       0x58 ..\obj\gpio.o
 .debug_aranges
                0x00000548      0x138 ..\obj\tasks.o
 .debug_aranges
                0x00000680       0x88 ..\obj\stm32f4xx_gpio.o
 .debug_aranges
                0x00000708       0x40 ..\obj\mpu.o
 .debug_aranges
                0x00000748       0x40 ..\obj\list.o
 .debug_aranges
                0x00000788       0x30 ..\obj\system_stm32f4xx.o
 .debug_aranges
                0x000007b8       0x60 ..\obj\syscalls.o
 .debug_aranges
                0x00000818       0x80 ..\obj\port.o
 .debug_aranges
                0x00000898       0xd8 ..\obj\queue.o
 .debug_aranges
                0x00000970      0x120 ..\obj\stm32f4xx_i2c.o
 .debug_aranges
                0x00000a90       0x38 ..\obj\heap_1.o
 .debug_aranges
                0x00000ac8       0xb8 ..\obj\usart.o

.debug_ranges   0x00000000      0xa30
 .debug_ranges  0x00000000       0x30 ..\obj\i2c.o
 .debug_ranges  0x00000030       0x70 ..\obj\km.o
 .debug_ranges  0x000000a0       0x20 ..\obj\hmc5883l.o
 .debug_ranges  0x000000c0       0xf0 ..\obj\stm32f4xx_usart.o
 .debug_ranges  0x000001b0       0x18 ..\obj\startup_stm32f4xx.o
 .debug_ranges  0x000001c8       0x40 ..\obj\main.o
 .debug_ranges  0x00000208      0x168 ..\obj\stm32f4xx_rcc.o
 .debug_ranges  0x00000370       0x48 ..\obj\stm32f4xx_it.o
 .debug_ranges  0x000003b8       0xa8 ..\obj\timers.o
 .debug_ranges  0x00000460       0x48 ..\obj\gpio.o
 .debug_ranges  0x000004a8      0x128 ..\obj\tasks.o
 .debug_ranges  0x000005d0       0x78 ..\obj\stm32f4xx_gpio.o
 .debug_ranges  0x00000648       0x30 ..\obj\mpu.o
 .debug_ranges  0x00000678       0x30 ..\obj\list.o
 .debug_ranges  0x000006a8       0x20 ..\obj\system_stm32f4xx.o
 .debug_ranges  0x000006c8       0x50 ..\obj\syscalls.o
 .debug_ranges  0x00000718       0x70 ..\obj\port.o
 .debug_ranges  0x00000788       0xc8 ..\obj\queue.o
 .debug_ranges  0x00000850      0x110 ..\obj\stm32f4xx_i2c.o
 .debug_ranges  0x00000960       0x28 ..\obj\heap_1.o
 .debug_ranges  0x00000988       0xa8 ..\obj\usart.o

.debug_line     0x00000000     0x51d0
 .debug_line    0x00000000      0x363 ..\obj\i2c.o
 .debug_line    0x00000363      0x199 ..\obj\km.o
 .debug_line    0x000004fc      0x185 ..\obj\hmc5883l.o
 .debug_line    0x00000681      0x4f9 ..\obj\stm32f4xx_usart.o
 .debug_line    0x00000b7a       0xa9 ..\obj\startup_stm32f4xx.o
 .debug_line    0x00000c23      0x4e6 ..\obj\main.o
 .debug_line    0x00001109      0x5e5 ..\obj\stm32f4xx_rcc.o
 .debug_line    0x000016ee      0x208 ..\obj\stm32f4xx_it.o
 .debug_line    0x000018f6      0x54a ..\obj\timers.o
 .debug_line    0x00001e40      0x325 ..\obj\gpio.o
 .debug_line    0x00002165      0x9a8 ..\obj\tasks.o
 .debug_line    0x00002b0d      0x3a0 ..\obj\stm32f4xx_gpio.o
 .debug_line    0x00002ead      0x209 ..\obj\mpu.o
 .debug_line    0x000030b6      0x25a ..\obj\list.o
 .debug_line    0x00003310      0x212 ..\obj\system_stm32f4xx.o
 .debug_line    0x00003522      0x1fb ..\obj\syscalls.o
 .debug_line    0x0000371d      0x3f0 ..\obj\port.o
 .debug_line    0x00003b0d      0x92f ..\obj\queue.o
 .debug_line    0x0000443c      0x52b ..\obj\stm32f4xx_i2c.o
 .debug_line    0x00004967      0x277 ..\obj\heap_1.o
 .debug_line    0x00004bde      0x5f2 ..\obj\usart.o

.debug_str      0x00000000     0x3d8c
 .debug_str     0x00000000      0x462 ..\obj\i2c.o
                                0x4b8 (size before relaxing)
 .debug_str     0x00000462      0x15e ..\obj\km.o
                                0x25b (size before relaxing)
 .debug_str     0x000005c0       0xb8 ..\obj\hmc5883l.o
                                0x21f (size before relaxing)
 .debug_str     0x00000678      0x4bb ..\obj\stm32f4xx_usart.o
                                0x6c3 (size before relaxing)
 .debug_str     0x00000b33       0xb8 ..\obj\startup_stm32f4xx.o
                                0x17b (size before relaxing)
 .debug_str     0x00000beb      0x3e9 ..\obj\main.o
                                0x5cb (size before relaxing)
 .debug_str     0x00000fd4      0x5eb ..\obj\stm32f4xx_rcc.o
                                0x884 (size before relaxing)
 .debug_str     0x000015bf       0xcc ..\obj\stm32f4xx_it.o
                                0x220 (size before relaxing)
 .debug_str     0x0000168b      0x52d ..\obj\timers.o
                                0x717 (size before relaxing)
 .debug_str     0x00001bb8      0x14e ..\obj\gpio.o
                                0x556 (size before relaxing)
 .debug_str     0x00001d06      0x894 ..\obj\tasks.o
                                0xb5a (size before relaxing)
 .debug_str     0x0000259a      0x18f ..\obj\stm32f4xx_gpio.o
                                0x4d7 (size before relaxing)
 .debug_str     0x00002729      0x112 ..\obj\mpu.o
                                0x420 (size before relaxing)
 .debug_str     0x0000283b       0xd4 ..\obj\list.o
                                0x2d9 (size before relaxing)
 .debug_str     0x0000290f      0x110 ..\obj\system_stm32f4xx.o
                                0x3de (size before relaxing)
 .debug_str     0x00002a1f      0x189 ..\obj\syscalls.o
                                0x37d (size before relaxing)
 .debug_str     0x00002ba8      0x216 ..\obj\port.o
                                0x427 (size before relaxing)
 .debug_str     0x00002dbe      0x418 ..\obj\queue.o
                                0x767 (size before relaxing)
 .debug_str     0x000031d6      0x35c ..\obj\stm32f4xx_i2c.o
                                0x699 (size before relaxing)
 .debug_str     0x00003532       0xc5 ..\obj\heap_1.o
                                0x260 (size before relaxing)
 .debug_str     0x000035f7      0x795 ..\obj\usart.o
                                0xc88 (size before relaxing)

.debug_frame    0x00000000     0x4084
 .debug_frame   0x00000000       0xc8 ..\obj\i2c.o
 .debug_frame   0x000000c8      0x214 ..\obj\km.o
 .debug_frame   0x000002dc       0x84 ..\obj\hmc5883l.o
 .debug_frame   0x00000360      0x490 ..\obj\stm32f4xx_usart.o